Archive member included to satisfy reference by file (symbol)

c:/program files/microchip/xc8/v2.36/avr/bin/../lib/gcc/avr/5.4.0/../../../../avr/lib/avrxmega3\libm.a(addsf3.o)
                              src/i2c_master.o (__subsf3)
c:/program files/microchip/xc8/v2.36/avr/bin/../lib/gcc/avr/5.4.0/../../../../avr/lib/avrxmega3\libm.a(addsf3x.o)
                              c:/program files/microchip/xc8/v2.36/avr/bin/../lib/gcc/avr/5.4.0/../../../../avr/lib/avrxmega3\libm.a(addsf3.o) (__addsf3x)
c:/program files/microchip/xc8/v2.36/avr/bin/../lib/gcc/avr/5.4.0/../../../../avr/lib/avrxmega3\libm.a(divsf3.o)
                              src/i2c_master.o (__divsf3)
c:/program files/microchip/xc8/v2.36/avr/bin/../lib/gcc/avr/5.4.0/../../../../avr/lib/avrxmega3\libm.a(divsf3x.o)
                              c:/program files/microchip/xc8/v2.36/avr/bin/../lib/gcc/avr/5.4.0/../../../../avr/lib/avrxmega3\libm.a(divsf3.o) (__divsf3x)
c:/program files/microchip/xc8/v2.36/avr/bin/../lib/gcc/avr/5.4.0/../../../../avr/lib/avrxmega3\libm.a(fixunssfsi.o)
                              src/i2c_master.o (__fixunssfsi)
c:/program files/microchip/xc8/v2.36/avr/bin/../lib/gcc/avr/5.4.0/../../../../avr/lib/avrxmega3\libm.a(floatsisf.o)
                              src/i2c_master.o (__floatunsisf)
c:/program files/microchip/xc8/v2.36/avr/bin/../lib/gcc/avr/5.4.0/../../../../avr/lib/avrxmega3\libm.a(fp_inf.o)
                              c:/program files/microchip/xc8/v2.36/avr/bin/../lib/gcc/avr/5.4.0/../../../../avr/lib/avrxmega3\libm.a(addsf3x.o) (__fp_inf)
c:/program files/microchip/xc8/v2.36/avr/bin/../lib/gcc/avr/5.4.0/../../../../avr/lib/avrxmega3\libm.a(fp_nan.o)
                              c:/program files/microchip/xc8/v2.36/avr/bin/../lib/gcc/avr/5.4.0/../../../../avr/lib/avrxmega3\libm.a(addsf3x.o) (__fp_nan)
c:/program files/microchip/xc8/v2.36/avr/bin/../lib/gcc/avr/5.4.0/../../../../avr/lib/avrxmega3\libm.a(fp_pscA.o)
                              c:/program files/microchip/xc8/v2.36/avr/bin/../lib/gcc/avr/5.4.0/../../../../avr/lib/avrxmega3\libm.a(addsf3x.o) (__fp_pscA)
c:/program files/microchip/xc8/v2.36/avr/bin/../lib/gcc/avr/5.4.0/../../../../avr/lib/avrxmega3\libm.a(fp_pscB.o)
                              c:/program files/microchip/xc8/v2.36/avr/bin/../lib/gcc/avr/5.4.0/../../../../avr/lib/avrxmega3\libm.a(addsf3x.o) (__fp_pscB)
c:/program files/microchip/xc8/v2.36/avr/bin/../lib/gcc/avr/5.4.0/../../../../avr/lib/avrxmega3\libm.a(fp_round.o)
                              c:/program files/microchip/xc8/v2.36/avr/bin/../lib/gcc/avr/5.4.0/../../../../avr/lib/avrxmega3\libm.a(addsf3.o) (__fp_round)
c:/program files/microchip/xc8/v2.36/avr/bin/../lib/gcc/avr/5.4.0/../../../../avr/lib/avrxmega3\libm.a(fp_split3.o)
                              c:/program files/microchip/xc8/v2.36/avr/bin/../lib/gcc/avr/5.4.0/../../../../avr/lib/avrxmega3\libm.a(addsf3x.o) (__fp_split3)
c:/program files/microchip/xc8/v2.36/avr/bin/../lib/gcc/avr/5.4.0/../../../../avr/lib/avrxmega3\libm.a(fp_zero.o)
                              c:/program files/microchip/xc8/v2.36/avr/bin/../lib/gcc/avr/5.4.0/../../../../avr/lib/avrxmega3\libm.a(addsf3x.o) (__fp_zero)
c:/program files/microchip/xc8/v2.36/avr/bin/../lib/gcc/avr/5.4.0/../../../../avr/lib/avrxmega3\libm.a(mulsf3.o)
                              src/i2c_master.o (__mulsf3)
c:/program files/microchip/xc8/v2.36/avr/bin/../lib/gcc/avr/5.4.0/../../../../avr/lib/avrxmega3\libm.a(mulsf3x.o)
                              c:/program files/microchip/xc8/v2.36/avr/bin/../lib/gcc/avr/5.4.0/../../../../avr/lib/avrxmega3\libm.a(mulsf3.o) (__mulsf3x)
c:/program files/microchip/xc8/v2.36/avr/bin/../lib/gcc/avr/5.4.0/avrxmega3\libgcc.a(_copy_data.o)
                              src/i2c_master.o (__do_copy_data)
c:/program files/microchip/xc8/v2.36/avr/bin/../lib/gcc/avr/5.4.0/avrxmega3\libgcc.a(_muluhisi3.o)
                              SpecialLibraries/SHT31.o (__muluhisi3)
c:/program files/microchip/xc8/v2.36/avr/bin/../lib/gcc/avr/5.4.0/avrxmega3\libgcc.a(_umulhisi3.o)
                              c:/program files/microchip/xc8/v2.36/avr/bin/../lib/gcc/avr/5.4.0/avrxmega3\libgcc.a(_muluhisi3.o) (__umulhisi3)
c:/program files/microchip/xc8/v2.36/avr/bin/../lib/gcc/avr/5.4.0/../../../../avr/lib/avrxmega3\libc.a(exit.o)
                              C:/Program Files (x86)/Atmel/Studio/7.0/Packs/Atmel/AVR-Dx_DFP/1.8.95/xc8/avr/lib/avrxmega3/crtavr32da32.o (exit)
c:/program files/microchip/xc8/v2.36/avr/bin/../lib/gcc/avr/5.4.0/../../../../avr/lib/avrxmega3\libc.a(__sio_printf_s.o)
                              examples/src/usart_basic_example.o (_printf_s)
c:/program files/microchip/xc8/v2.36/avr/bin/../lib/gcc/avr/5.4.0/../../../../avr/lib/avrxmega3\libc.a(__fmt_s.o)
                              c:/program files/microchip/xc8/v2.36/avr/bin/../lib/gcc/avr/5.4.0/../../../../avr/lib/avrxmega3\libc.a(__sio_printf_s.o) (__fmt_s_needed)
[...]
Memory Configuration

Name             Origin             Length             Attributes
text             0x0000000000000000 0x0000000000008000 xr
data             0x0000000000807000 0x0000000000001000 rw !x
eeprom           0x0000000000810000 0x0000000000000200 rw !x
fuse             0x0000000000820000 0x0000000000000010 rw !x
lock             0x0000000000830000 0x0000000000000400 rw !x
signature        0x0000000000840000 0x0000000000000400 rw !x
user_signatures  0x0000000000850000 0x0000000000000400 rw !x
*default*        0x0000000000000000 0xffffffffffffffff

Linker script and memory map

Address of section .data set to 0x807000
                0x0000000000008000                __RODATA_PM_OFFSET__ = 0x8000
LOAD C:/Program Files (x86)/Atmel/Studio/7.0/Packs/Atmel/AVR-Dx_DFP/1.8.95/xc8/avr/lib/avrxmega3/crtavr32da32.o
LOAD atmel_start.o
LOAD driver_isr.o
LOAD examples/src/i2c_master_example.o
LOAD examples/src/usart_basic_example.o
LOAD main.o
LOAD SpecialLibraries/SHT31.o
LOAD src/bod.o
LOAD src/clkctrl.o
LOAD src/cpuint.o
LOAD src/driver_init.o
LOAD src/i2c_master.o
LOAD src/i2c_simple_master.o
LOAD src/i2c_types.o
LOAD src/protected_io.o
LOAD src/slpctrl.o
LOAD src/usart_basic.o
START GROUP
LOAD c:/program files/microchip/xc8/v2.36/avr/bin/../lib/gcc/avr/5.4.0/../../../../avr/lib/avrxmega3\libm.a
END GROUP
START GROUP
LOAD c:/program files/microchip/xc8/v2.36/avr/bin/../lib/gcc/avr/5.4.0/avrxmega3\libgcc.a
LOAD c:/program files/microchip/xc8/v2.36/avr/bin/../lib/gcc/avr/5.4.0/../../../../avr/lib/avrxmega3\libm.a
LOAD c:/program files/microchip/xc8/v2.36/avr/bin/../lib/gcc/avr/5.4.0/../../../../avr/lib/avrxmega3\libc.a
LOAD C:/Program Files (x86)/Atmel/Studio/7.0/Packs/Atmel/AVR-Dx_DFP/1.8.95/xc8/avr/lib/avrxmega3\libavr32da32.a
END GROUP
                [0x0000000000000000]                __TEXT_REGION_ORIGIN__ = DEFINED (__TEXT_REGION_ORIGIN__)?__TEXT_REGION_ORIGIN__:0x0
                [0x0000000000807000]                __DATA_REGION_ORIGIN__ = DEFINED (__DATA_REGION_ORIGIN__)?__DATA_REGION_ORIGIN__:0x802000
                [0x0000000000008000]                __TEXT_REGION_LENGTH__ = DEFINED (__TEXT_REGION_LENGTH__)?__TEXT_REGION_LENGTH__:0x100000
                [0x0000000000001000]                __DATA_REGION_LENGTH__ = DEFINED (__DATA_REGION_LENGTH__)?__DATA_REGION_LENGTH__:0xffa0
                [0x0000000000000200]                __EEPROM_REGION_LENGTH__ = DEFINED (__EEPROM_REGION_LENGTH__)?__EEPROM_REGION_LENGTH__:0x10000
                [0x0000000000000010]                __FUSE_REGION_LENGTH__ = DEFINED (__FUSE_REGION_LENGTH__)?__FUSE_REGION_LENGTH__:0x400
                0x0000000000000400                __LOCK_REGION_LENGTH__ = DEFINED (__LOCK_REGION_LENGTH__)?__LOCK_REGION_LENGTH__:0x400
                0x0000000000000400                __SIGNATURE_REGION_LENGTH__ = DEFINED (__SIGNATURE_REGION_LENGTH__)?__SIGNATURE_REGION_LENGTH__:0x400
                0x0000000000000400                __USER_SIGNATURE_REGION_LENGTH__ = DEFINED (__USER_SIGNATURE_REGION_LENGTH__)?__USER_SIGNATURE_REGION_LENGTH__:0x400
                0x0000000000008000                __RODATA_PM_OFFSET__ = DEFINED (__RODATA_PM_OFFSET__)?__RODATA_PM_OFFSET__:0x8000

.hash
 *(.hash)

.dynsym
 *(.dynsym)

.dynstr
 *(.dynstr)

.gnu.version
 *(.gnu.version)

.gnu.version_d
 *(.gnu.version_d)

.gnu.version_r
 *(.gnu.version_r)

.rel.init
 *(.rel.init)

.rela.init
 *(.rela.init)

.rel.text
 *(.rel.text)
 *(.rel.text.*)
 *(.rel.gnu.linkonce.t*)

.rela.text
 *(.rela.text)
 *(.rela.text.*)
 *(.rela.gnu.linkonce.t*)

.rel.fini
 *(.rel.fini)

.rela.fini
 *(.rela.fini)

.rel.rodata
 *(.rel.rodata)
 *(.rel.rodata.*)
 *(.rel.gnu.linkonce.r*)

.rela.rodata
 *(.rela.rodata)
 *(.rela.rodata.*)
 *(.rela.gnu.linkonce.r*)

.rel.data
 *(.rel.data)
 *(.rel.data.*)
 *(.rel.gnu.linkonce.d*)

.rela.data
 *(.rela.data)
 *(.rela.data.*)
 *(.rela.gnu.linkonce.d*)

.rel.ctors
 *(.rel.ctors)

.rela.ctors
 *(.rela.ctors)

.rel.dtors
 *(.rel.dtors)

.rela.dtors
 *(.rela.dtors)

.rel.got
 *(.rel.got)

.rela.got
 *(.rela.got)

.rel.bss
 *(.rel.bss)

.rela.bss
 *(.rela.bss)

.rel.plt
 *(.rel.plt)

.rela.plt
 *(.rela.plt)

.text           0x0000000000000000      0x11c
 *(.vectors)
 .vectors       0x0000000000000000       0xb0 C:/Program Files (x86)/Atmel/Studio/7.0/Packs/Atmel/AVR-Dx_DFP/1.8.95/xc8/avr/lib/avrxmega3/crtavr32da32.o
                0x0000000000000000                __vector_default
                0x0000000000000000                __vectors
 *(.vectors)
 *(.progmem.gcc*)
 *(.dinit)
 .dinit         0x00000000000000b0       0x18 data_init
                0x00000000000000c8                . = ALIGN (0x2)
                0x00000000000000c8                __trampolines_start = .
 *(.trampolines)
 .trampolines   0x00000000000000c8        0x0 linker stubs
 *(.trampolines*)
                0x00000000000000c8                __trampolines_end = .
 *libprintf_flt.a:*(.progmem.data)
 *libc.a:*(.progmem.data)
                0x00000000000000c8                . = ALIGN (0x2)
 *(.jumptables)
 *(.jumptables*)
 *(.lowtext)
 *(.lowtext*)
                0x00000000000000c8                __ctors_start = .
 *(.ctors)
                0x00000000000000c8                __ctors_end = .
                0x00000000000000c8                __dtors_start = .
 *(.dtors)
                0x00000000000000c8                __dtors_end = .
 SORT(*)(.ctors)
 SORT(*)(.dtors)
 *(.init0)
 .init0         0x00000000000000c8        0x0 C:/Program Files (x86)/Atmel/Studio/7.0/Packs/Atmel/AVR-Dx_DFP/1.8.95/xc8/avr/lib/avrxmega3/crtavr32da32.o
                0x00000000000000c8                __init
 *(.init0)
 *(.init1)
 *(.init1)
 *(.init2)
 .init2         0x00000000000000c8        0xc C:/Program Files (x86)/Atmel/Studio/7.0/Packs/Atmel/AVR-Dx_DFP/1.8.95/xc8/avr/lib/avrxmega3/crtavr32da32.o
 *(.init2)
 *(.init3)
 *(.init3)
 *(.init4)
 .init4         0x00000000000000d4       0x3c c:/program files/microchip/xc8/v2.36/avr/bin/../lib/gcc/avr/5.4.0/avrxmega3\libgcc.a(_copy_data.o)
                0x00000000000000d4                __do_copy_data
                0x0000000000000102                __do_clear_bss
 *(.init4)
 *(.init5)
 *(.init5)
 *(.init6)
 *(.init6)
 *(.init7)
 *(.init7)
 *(.init8)
 *(.init8)
 *(.init9)
 .init9         0x0000000000000110        0x8 C:/Program Files (x86)/Atmel/Studio/7.0/Packs/Atmel/AVR-Dx_DFP/1.8.95/xc8/avr/lib/avrxmega3/crtavr32da32.o
 *(.init9)
                0x0000000000000118                . = ALIGN (0x2)
 *(.fini9)
 .fini9         0x0000000000000118        0x0 c:/program files/microchip/xc8/v2.36/avr/bin/../lib/gcc/avr/5.4.0/avrxmega3\libgcc.a(_exit.o)
                0x0000000000000118                _exit
 *(.fini9)
 *(.fini8)
 *(.fini8)
 *(.fini7)
 *(.fini7)
 *(.fini6)
 *(.fini6)
 *(.fini5)
 *(.fini5)
 *(.fini4)
 *(.fini4)
 *(.fini3)
 *(.fini3)
 *(.fini2)
 *(.fini2)
 *(.fini1)
 *(.fini1)
 *(.fini0)
 .fini0         0x0000000000000118        0x4 c:/program files/microchip/xc8/v2.36/avr/bin/../lib/gcc/avr/5.4.0/avrxmega3\libgcc.a(_exit.o)
 *(.fini0)
                0x000000000000011c                _etext = .

.data           0x0000000000807000        0x0 load address 0x000000000000011c
                [!provide]                        PROVIDE (__data_start, .)
 *(.gnu.linkonce.d*)
                0x0000000000807000                . = ALIGN (0x2)
                0x0000000000807000                _edata = .
                [!provide]                        PROVIDE (__data_end, .)

.bss            0x0000000000807000        0x0
                [!provide]                        PROVIDE (__bss_start, .)
 *(COMMON)
                [!provide]                        PROVIDE (__bss_end, .)
                0x000000000000011c                __data_load_start = LOADADDR (.data)
                0x000000000000011c                __data_load_end = (__data_load_start + SIZEOF (.data))

.noinit         0x0000000000807000        0x0
                [!provide]                        PROVIDE (__noinit_start, .)
 *(.noinit*)
                [!provide]                        PROVIDE (__noinit_end, .)
                0x0000000000807000                _end = .

.eeprom         0x0000000000810000        0x0
 *(.eeprom*)
                0x0000000000810000                __eeprom_end = .

.fuse
 *(.fuse)
 *(.lfuse)
 *(.hfuse)
 *(.efuse)

.lock
 *(.lock*)

.signature
 *(.signature*)

.user_signatures
 *(.user_signatures*)

.stab
 *(.stab)

.stabstr
 *(.stabstr)

.stab.excl
 *(.stab.excl)

.stab.exclstr
 *(.stab.exclstr)

.stab.index
 *(.stab.index)

.stab.indexstr
 *(.stab.indexstr)

.comment        0x0000000000000000       0x2f
 *(.comment)
 .comment       0x0000000000000000       0x2f atmel_start.o
                                         0x30 (size before relaxing)
 .comment       0x000000000000002f       0x30 main.o
 .comment       0x000000000000002f       0x30 SpecialLibraries/SHT31.o
 .comment       0x000000000000002f       0x30 src/bod.o
 .comment       0x000000000000002f       0x30 src/clkctrl.o
 .comment       0x000000000000002f       0x30 src/cpuint.o
 .comment       0x000000000000002f       0x30 src/driver_init.o
 .comment       0x000000000000002f       0x30 src/i2c_master.o
 .comment       0x000000000000002f       0x30 src/slpctrl.o
 .comment       0x000000000000002f       0x30 src/usart_basic.o
 .comment       0x000000000000002f       0x30 c:/program files/microchip/xc8/v2.36/avr/bin/../lib/gcc/avr/5.4.0/../../../../avr/lib/avrxmega3\libc.a(exit.o)
 .comment       0x000000000000002f       0x30 c:/program files/microchip/xc8/v2.36/avr/bin/../lib/gcc/avr/5.4.0/../../../../avr/lib/avrxmega3\libc.a(_Exit.o)

.note.GNU-stack
                0x0000000000000000        0x0
 .note.GNU-stack
                0x0000000000000000        0x0 c:/program files/microchip/xc8/v2.36/avr/bin/../lib/gcc/avr/5.4.0/../../../../avr/lib/avrxmega3\libc.a(exit.o)
 .note.GNU-stack
                0x0000000000000000        0x0 c:/program files/microchip/xc8/v2.36/avr/bin/../lib/gcc/avr/5.4.0/../../../../avr/lib/avrxmega3\libc.a(_Exit.o)

.stack.descriptors.hdr
                0x0000000000000000        0xe
 .stack.descriptors.hdr
                0x0000000000000000        0xe c:/program files/microchip/xc8/v2.36/avr/bin/../lib/gcc/avr/5.4.0/avrxmega3\libgcc.a(_exit.o)

.note.gnu.build-id
 *(.note.gnu.build-id)

.debug
 *(.debug)

.line
 *(.line)

.debug_srcinfo
 *(.debug_srcinfo)

.debug_sfnames
 *(.debug_sfnames)

.debug_aranges  0x0000000000000000      0x3a8
 *(.debug_aranges)
 .debug_aranges
                0x0000000000000000       0x20 atmel_start.o
 .debug_aranges
                0x0000000000000020       0x20 main.o
 .debug_aranges
                0x0000000000000040       0x58 SpecialLibraries/SHT31.o
 .debug_aranges
                0x0000000000000098       0x20 src/bod.o
 .debug_aranges
                0x00000000000000b8       0x20 src/clkctrl.o
 .debug_aranges
                0x00000000000000d8       0x20 src/cpuint.o
 .debug_aranges
                0x00000000000000f8       0x40 src/driver_init.o
 .debug_aranges
                0x0000000000000138      0x158 src/i2c_master.o
 .debug_aranges
                0x0000000000000290       0x28 src/slpctrl.o
 .debug_aranges
                0x00000000000002b8       0xf0 src/usart_basic.o

.debug_pubnames
 *(.debug_pubnames)

.debug_info     0x0000000000000000     0x7734
 *(.debug_info .gnu.linkonce.wi.*)
 .debug_info    0x0000000000000000     0x2316 C:/Program Files (x86)/Atmel/Studio/7.0/Packs/Atmel/AVR-Dx_DFP/1.8.95/xc8/avr/lib/avrxmega3/crtavr32da32.o
 .debug_info    0x0000000000002316      0x2a8 atmel_start.o
 .debug_info    0x00000000000025be      0x7ff main.o
 .debug_info    0x0000000000002dbd      0x9a7 SpecialLibraries/SHT31.o
 .debug_info    0x0000000000003764      0x3ef src/bod.o
 .debug_info    0x0000000000003b53      0x286 src/clkctrl.o
 .debug_info    0x0000000000003dd9      0x284 src/cpuint.o
 .debug_info    0x000000000000405d     0x1296 src/driver_init.o
 .debug_info    0x00000000000052f3     0x150f src/i2c_master.o
 .debug_info    0x0000000000006802      0x3bd src/slpctrl.o
 .debug_info    0x0000000000006bbf      0xb75 src/usart_basic.o

.debug_abbrev   0x0000000000000000     0x2dff
 *(.debug_abbrev)
 .debug_abbrev  0x0000000000000000     0x213a C:/Program Files (x86)/Atmel/Studio/7.0/Packs/Atmel/AVR-Dx_DFP/1.8.95/xc8/avr/lib/avrxmega3/crtavr32da32.o
 .debug_abbrev  0x000000000000213a       0x58 atmel_start.o
 .debug_abbrev  0x0000000000002192      0x17a main.o
 .debug_abbrev  0x000000000000230c      0x1aa SpecialLibraries/SHT31.o
 .debug_abbrev  0x00000000000024b6       0xa4 src/bod.o
 .debug_abbrev  0x000000000000255a       0x46 src/clkctrl.o
 .debug_abbrev  0x00000000000025a0       0x46 src/cpuint.o
 .debug_abbrev  0x00000000000025e6      0x1d6 src/driver_init.o
 .debug_abbrev  0x00000000000027bc      0x320 src/i2c_master.o
 .debug_abbrev  0x0000000000002adc       0xb9 src/slpctrl.o
 .debug_abbrev  0x0000000000002b95      0x26a src/usart_basic.o

.debug_line     0x0000000000000000     0x1a2f
 *(.debug_line .debug_line.* .debug_line_end)
 .debug_line    0x0000000000000000      0x19f C:/Program Files (x86)/Atmel/Studio/7.0/Packs/Atmel/AVR-Dx_DFP/1.8.95/xc8/avr/lib/avrxmega3/crtavr32da32.o
 .debug_line    0x000000000000019f       0x60 atmel_start.o
 .debug_line    0x00000000000001ff      0x237 main.o
 .debug_line    0x0000000000000436      0x33b SpecialLibraries/SHT31.o
 .debug_line    0x0000000000000771       0xf9 src/bod.o
 .debug_line    0x000000000000086a       0x8c src/clkctrl.o
 .debug_line    0x00000000000008f6       0x8b src/cpuint.o
 .debug_line    0x0000000000000981      0x31a src/driver_init.o
 .debug_line    0x0000000000000c9b      0x7c6 src/i2c_master.o
 .debug_line    0x0000000000001461      0x10d src/slpctrl.o
 .debug_line    0x000000000000156e      0x4c1 src/usart_basic.o

.debug_frame    0x0000000000000000      0x76c
 *(.debug_frame)
 .debug_frame   0x0000000000000000       0x24 atmel_start.o
 .debug_frame   0x0000000000000024       0x24 main.o
 .debug_frame   0x0000000000000048       0xd8 SpecialLibraries/SHT31.o
 .debug_frame   0x0000000000000120       0x24 src/bod.o
 .debug_frame   0x0000000000000144       0x24 src/clkctrl.o
 .debug_frame   0x0000000000000168       0x24 src/cpuint.o
 .debug_frame   0x000000000000018c       0x64 src/driver_init.o
 .debug_frame   0x00000000000001f0      0x2f4 src/i2c_master.o
 .debug_frame   0x00000000000004e4       0x34 src/slpctrl.o
 .debug_frame   0x0000000000000518      0x254 src/usart_basic.o

.debug_str      0x0000000000000000     0x10c8
 *(.debug_str)
 .debug_str     0x0000000000000000      0xf34 C:/Program Files (x86)/Atmel/Studio/7.0/Packs/Atmel/AVR-Dx_DFP/1.8.95/xc8/avr/lib/avrxmega3/crtavr32da32.o
 .debug_str     0x0000000000000f34        0xc atmel_start.o
 .debug_str     0x0000000000000f40       0x60 main.o
 .debug_str     0x0000000000000fa0       0x9c SpecialLibraries/SHT31.o
 .debug_str     0x000000000000103c        0x0 src/bod.o
 .debug_str     0x000000000000103c        0x0 src/clkctrl.o
 .debug_str     0x000000000000103c        0x0 src/cpuint.o
 .debug_str     0x000000000000103c       0x84 src/driver_init.o
 .debug_str     0x00000000000010c0        0x8 src/i2c_master.o
 .debug_str     0x00000000000010c8        0x0 src/slpctrl.o
 .debug_str     0x00000000000010c8        0x0 src/usart_basic.o

.debug_loc      0x0000000000000000      0xf5b
 *(.debug_loc)
 .debug_loc     0x0000000000000000       0xc0 main.o
 .debug_loc     0x00000000000000c0      0x38b SpecialLibraries/SHT31.o
 .debug_loc     0x000000000000044b      0x39d src/driver_init.o
 .debug_loc     0x00000000000007e8      0x538 src/i2c_master.o
 .debug_loc     0x0000000000000d20       0x21 src/slpctrl.o
 .debug_loc     0x0000000000000d41      0x21a src/usart_basic.o

.debug_macinfo
 *(.debug_macinfo)

.debug_weaknames
 *(.debug_weaknames)

.debug_funcnames
 *(.debug_funcnames)

.debug_typenames
 *(.debug_typenames)

.debug_varnames
 *(.debug_varnames)

.debug_pubtypes
 *(.debug_pubtypes)

.debug_ranges   0x0000000000000000      0x308
 *(.debug_ranges)
 .debug_ranges  0x0000000000000000       0x10 atmel_start.o
 .debug_ranges  0x0000000000000010       0x10 main.o
 .debug_ranges  0x0000000000000020       0x48 SpecialLibraries/SHT31.o
 .debug_ranges  0x0000000000000068       0x10 src/bod.o
 .debug_ranges  0x0000000000000078       0x10 src/clkctrl.o
 .debug_ranges  0x0000000000000088       0x10 src/cpuint.o
 .debug_ranges  0x0000000000000098       0x30 src/driver_init.o
 .debug_ranges  0x00000000000000c8      0x148 src/i2c_master.o
 .debug_ranges  0x0000000000000210       0x18 src/slpctrl.o
 .debug_ranges  0x0000000000000228       0xe0 src/usart_basic.o

.debug_macro
 *(.debug_macro)
OUTPUT(SmartPotFinal.elf elf32-avr)
LOAD linker stubs
LOAD data_init

.note.gnu.avr.deviceinfo
                0x0000000000000000       0x3c
 .note.gnu.avr.deviceinfo
                0x0000000000000000       0x3c C:/Program Files (x86)/Atmel/Studio/7.0/Packs/Atmel/AVR-Dx_DFP/1.8.95/xc8/avr/lib/avrxmega3/crtavr32da32.o

.bss.I2C_0_status
                0x0000000000807024       0x24
 .bss.I2C_0_status
                0x0000000000807024       0x24 src/i2c_master.o
                0x0000000000807024                I2C_0_status

.bss.USART_2_tx_elements
                0x000000000080705c        0x1
 .bss.USART_2_tx_elements
                0x000000000080705c        0x1 src/usart_basic.o

.bss.USART_2_tx_tail
                0x000000000080705d        0x1
 .bss.USART_2_tx_tail
                0x000000000080705d        0x1 src/usart_basic.o

.bss.USART_2_tx_head
                0x000000000080705e        0x1
 .bss.USART_2_tx_head
                0x000000000080705e        0x1 src/usart_basic.o

.bss.USART_2_txbuf
                0x0000000000807048        0x8
 .bss.USART_2_txbuf
                0x0000000000807048        0x8 src/usart_basic.o

.bss.USART_2_rx_elements
                0x000000000080705f        0x1
 .bss.USART_2_rx_elements
                0x000000000080705f        0x1 src/usart_basic.o

.bss.USART_2_rx_tail
                0x0000000000807060        0x1
 .bss.USART_2_rx_tail
                0x0000000000807060        0x1 src/usart_basic.o

.bss.USART_2_rx_head
                0x0000000000807061        0x1
 .bss.USART_2_rx_head
                0x0000000000807061        0x1 src/usart_basic.o

.bss.USART_2_rxbuf
                0x0000000000807050        0x8
 .bss.USART_2_rxbuf
                0x0000000000807050        0x8 src/usart_basic.o

.text.I2C_0_do_I2C_RX
                0x000000000000011c       0xba
 .text.I2C_0_do_I2C_RX
                0x000000000000011c       0xba src/i2c_master.o

.text.I2C_0_do_I2C_TX_EMPTY
                0x00000000000001d6       0x7a
 .text.I2C_0_do_I2C_TX_EMPTY
                0x00000000000001d6       0x7a src/i2c_master.o

.text.I2C_0_do_I2C_TX
                0x0000000000000250       0x6c
 .text.I2C_0_do_I2C_TX
                0x0000000000000250       0x6c src/i2c_master.o

.text.mcu_init  0x00000000000002bc       0x62
 .text.mcu_init
                0x00000000000002bc       0x62 src/driver_init.o
                0x00000000000002bc                mcu_init

.text.I2C_0_master_isr
                0x000000000000031e       0x60
 .text.I2C_0_master_isr
                0x000000000000031e       0x60 src/i2c_master.o

.text.main      0x000000000000037e       0x58
 .text.main     0x000000000000037e       0x58 main.o
                0x000000000000037e                main

.text.__vector_37
                0x00000000000003d6       0x52
 .text.__vector_37
                0x00000000000003d6       0x52 src/usart_basic.o
                0x00000000000003d6                __vector_37

.text.__vector_38
                0x0000000000000428       0x52
 .text.__vector_38
                0x0000000000000428       0x52 src/usart_basic.o
                0x0000000000000428                __vector_38

.text.I2C_0_initialization
                0x000000000000047a       0x4a
 .text.I2C_0_initialization
                0x000000000000047a       0x4a src/driver_init.o
                0x000000000000047a                I2C_0_initialization

.text.__vector_17
                0x00000000000004c4       0x48
 .text.__vector_17
                0x00000000000004c4       0x48 src/i2c_master.o
                0x00000000000004c4                __vector_17

.text.I2C_0_do_I2C_BUS_COLLISION
                0x000000000000050c       0x44
 .text.I2C_0_do_I2C_BUS_COLLISION
                0x000000000000050c       0x44 src/i2c_master.o

.text.I2C_0_do_I2C_DO_ADDRESS_NACK
                0x0000000000000550       0x40
 .text.I2C_0_do_I2C_DO_ADDRESS_NACK
                0x0000000000000550       0x40 src/i2c_master.o

.text.USART_2_default_udre_isr_cb
                0x0000000000000590       0x3e
 .text.USART_2_default_udre_isr_cb
                0x0000000000000590       0x3e src/usart_basic.o
                0x0000000000000590                USART_2_default_udre_isr_cb

.text.USART_2_init
                0x00000000000005ce       0x30
 .text.USART_2_init
                0x00000000000005ce       0x30 src/usart_basic.o
                0x00000000000005ce                USART_2_init

.text.USART_2_default_rx_isr_cb
                0x00000000000005fe       0x2c
 .text.USART_2_default_rx_isr_cb
                0x00000000000005fe       0x2c src/usart_basic.o
                0x00000000000005fe                USART_2_default_rx_isr_cb

.text.USART_1_initialization
                0x000000000000062a       0x22
 .text.USART_1_initialization
                0x000000000000062a       0x22 src/driver_init.o
                0x000000000000062a                USART_1_initialization

.text.USART_2_initialization
                0x000000000000064c       0x22
 .text.USART_2_initialization
                0x000000000000064c       0x22 src/driver_init.o
                0x000000000000064c                USART_2_initialization

.text.system_init
                0x000000000000066e       0x22
 .text.system_init
                0x000000000000066e       0x22 src/driver_init.o
                0x000000000000066e                system_init

.text.I2C_0_do_I2C_BUS_ERROR
                0x0000000000000690       0x22
 .text.I2C_0_do_I2C_BUS_ERROR
                0x0000000000000690       0x22 src/i2c_master.o

.text.I2C_0_do_I2C_RESET
                0x00000000000006b2       0x20
 .text.I2C_0_do_I2C_RESET
                0x00000000000006b2       0x20 src/i2c_master.o

.text.I2C_0_do_I2C_SEND_ADR_READ
                0x00000000000006d2       0x1c
 .text.I2C_0_do_I2C_SEND_ADR_READ
                0x00000000000006d2       0x1c src/i2c_master.o

.text.I2C_0_do_I2C_SEND_ADR_WRITE
                0x00000000000006ee       0x16
 .text.I2C_0_do_I2C_SEND_ADR_WRITE
                0x00000000000006ee       0x16 src/i2c_master.o

.text.I2C_0_do_I2C_DO_NACK_STOP
                0x0000000000000704       0x16
 .text.I2C_0_do_I2C_DO_NACK_STOP
                0x0000000000000704       0x16 src/i2c_master.o

.text.exit      0x000000000000071a       0x16
 .text.exit     0x000000000000071a       0x16 c:/program files/microchip/xc8/v2.36/avr/bin/../lib/gcc/avr/5.4.0/../../../../avr/lib/avrxmega3\libc.a(exit.o)
                0x000000000000071a                exit

.text.USART_1_init
                0x0000000000000730       0x14
 .text.USART_1_init
                0x0000000000000730       0x14 src/usart_basic.o
                0x0000000000000730                USART_1_init

.text.I2C_0_do_I2C_IDLE
                0x0000000000000744       0x10
 .text.I2C_0_do_I2C_IDLE
                0x0000000000000744       0x10 src/i2c_master.o

.text.I2C_0_do_I2C_SEND_STOP
                0x0000000000000754       0x10
 .text.I2C_0_do_I2C_SEND_STOP
                0x0000000000000754       0x10 src/i2c_master.o

.text.I2C_0_do_I2C_RX_DO_ACK
                0x0000000000000764        0xe
 .text.I2C_0_do_I2C_RX_DO_ACK
                0x0000000000000764        0xe src/i2c_master.o

.text.I2C_0_do_I2C_TX_DO_ACK
                0x0000000000000772        0xe
 .text.I2C_0_do_I2C_TX_DO_ACK
                0x0000000000000772        0xe src/i2c_master.o

.text.I2C_0_do_I2C_DO_NACK_RESTART
                0x0000000000000780        0xe
 .text.I2C_0_do_I2C_DO_NACK_RESTART
                0x0000000000000780        0xe src/i2c_master.o

.text.I2C_0_init
                0x000000000000078e        0xe
 .text.I2C_0_init
                0x000000000000078e        0xe src/i2c_master.o
                0x000000000000078e                I2C_0_init

.text.USART_1_write
                0x000000000000079c        0xe
 .text.USART_1_write
                0x000000000000079c        0xe src/usart_basic.o
                0x000000000000079c                USART_1_write

.text.USART_1_enable
                0x00000000000007aa        0xc
 .text.USART_1_enable
                0x00000000000007aa        0xc src/usart_basic.o
                0x00000000000007aa                USART_1_enable

.text.USART_1_enable_tx
                0x00000000000007b6        0xc
 .text.USART_1_enable_tx
                0x00000000000007b6        0xc src/usart_basic.o
                0x00000000000007b6                USART_1_enable_tx

.text.BOD_init  0x00000000000007c2        0x8
 .text.BOD_init
                0x00000000000007c2        0x8 src/bod.o
                0x00000000000007c2                BOD_init

.text.atmel_start_init
                0x00000000000007ca        0x6
 .text.atmel_start_init
                0x00000000000007ca        0x6 atmel_start.o
                0x00000000000007ca                atmel_start_init

.text.I2C_0_do_I2C_SEND_RESTART
                0x00000000000007d0        0x6
 .text.I2C_0_do_I2C_SEND_RESTART
                0x00000000000007d0        0x6 src/i2c_master.o

.text.I2C_0_do_I2C_SEND_RESTART_READ
                0x00000000000007d6        0x6
 .text.I2C_0_do_I2C_SEND_RESTART_READ
                0x00000000000007d6        0x6 src/i2c_master.o

.text.I2C_0_do_I2C_SEND_RESTART_WRITE
                0x00000000000007dc        0x6
 .text.I2C_0_do_I2C_SEND_RESTART_WRITE
                0x00000000000007dc        0x6 src/i2c_master.o

.text           0x00000000000007e2        0x4
 .text          0x00000000000007e2        0x4 C:/Program Files (x86)/Atmel/Studio/7.0/Packs/Atmel/AVR-Dx_DFP/1.8.95/xc8/avr/lib/avrxmega3/crtavr32da32.o
                0x00000000000007e2                __vector_22
                0x00000000000007e2                __vector_28
                0x00000000000007e2                __vector_1
                0x00000000000007e2                __vector_32
                0x00000000000007e2                __vector_34
                0x00000000000007e2                __vector_24
                0x00000000000007e2                __vector_12
                0x00000000000007e2                __bad_interrupt
                0x00000000000007e2                __vector_6
                0x00000000000007e2                __vector_31
                0x00000000000007e2                __vector_35
                0x00000000000007e2                __vector_39
                0x00000000000007e2                __vector_3
                0x00000000000007e2                __vector_23
                0x00000000000007e2                __vector_30
                0x00000000000007e2                __vector_25
                0x00000000000007e2                __vector_11
                0x00000000000007e2                __vector_13
                0x00000000000007e2                __vector_19
                0x00000000000007e2                __vector_7
                0x00000000000007e2                __vector_41
                0x00000000000007e2                __vector_43
                0x00000000000007e2                __vector_27
                0x00000000000007e2                __vector_5
                0x00000000000007e2                __vector_33
                0x00000000000007e2                __vector_4
                0x00000000000007e2                __vector_9
                0x00000000000007e2                __vector_2
                0x00000000000007e2                __vector_21
                0x00000000000007e2                __vector_15
                0x00000000000007e2                __vector_36
                0x00000000000007e2                __vector_29
                0x00000000000007e2                __vector_40
                0x00000000000007e2                __vector_8
                0x00000000000007e2                __vector_26
                0x00000000000007e2                __vector_14
                0x00000000000007e2                __vector_10
                0x00000000000007e2                __vector_16
                0x00000000000007e2                __vector_18
                0x00000000000007e2                __vector_20
                0x00000000000007e2                __vector_42

.text.CLKCTRL_init
                0x00000000000007e6        0x4
 .text.CLKCTRL_init
                0x00000000000007e6        0x4 src/clkctrl.o
                0x00000000000007e6                CLKCTRL_init

.text.CPUINT_init
                0x00000000000007ea        0x4
 .text.CPUINT_init
                0x00000000000007ea        0x4 src/cpuint.o
                0x00000000000007ea                CPUINT_init

.text.SLPCTRL_init
                0x00000000000007ee        0x4
 .text.SLPCTRL_init
                0x00000000000007ee        0x4 src/slpctrl.o
                0x00000000000007ee                SLPCTRL_init

.text._Exit     0x00000000000007f2        0x4
 .text._Exit    0x00000000000007f2        0x4 c:/program files/microchip/xc8/v2.36/avr/bin/../lib/gcc/avr/5.4.0/../../../../avr/lib/avrxmega3\libc.a(_Exit.o)
                0x00000000000007f2                _Exit

.text.testFunct
                0x00000000000007f6        0x2
 .text.testFunct
                0x00000000000007f6        0x2 SpecialLibraries/SHT31.o
                0x00000000000007f6                testFunct

.text.__dummy_fini
                0x00000000000007f8        0x2
 .text.__dummy_fini
                0x00000000000007f8        0x2 c:/program files/microchip/xc8/v2.36/avr/bin/../lib/gcc/avr/5.4.0/../../../../avr/lib/avrxmega3\libc.a(exit.o)
                0x00000000000007f8                _fini

.text.__dummy_funcs_on_exit
                0x00000000000007fa        0x2
 .text.__dummy_funcs_on_exit
                0x00000000000007fa        0x2 c:/program files/microchip/xc8/v2.36/avr/bin/../lib/gcc/avr/5.4.0/../../../../avr/lib/avrxmega3\libc.a(exit.o)
                0x00000000000007fa                __funcs_on_exit

.text.__dummy_simulator_exit
                0x00000000000007fc        0x2
 .text.__dummy_simulator_exit
                0x00000000000007fc        0x2 c:/program files/microchip/xc8/v2.36/avr/bin/../lib/gcc/avr/5.4.0/../../../../avr/lib/avrxmega3\libc.a(exit.o)
                0x00000000000007fc                __simulator_exit

.data.I2C_0_fsmStateTable
                0x0000000000807000       0x24 load address 0x00000000000007fe
 .data.I2C_0_fsmStateTable
                0x0000000000807000       0x24 src/i2c_master.o
                0x0000000000807000                I2C_0_fsmStateTable

.data.USART_2_udre_isr_cb
                0x0000000000807058        0x2 load address 0x0000000000000822
 .data.USART_2_udre_isr_cb
                0x0000000000807058        0x2 src/usart_basic.o
                0x0000000000807058                USART_2_udre_isr_cb

.data.USART_2_rx_isr_cb
                0x000000000080705a        0x2 load address 0x0000000000000824
 .data.USART_2_rx_isr_cb
                0x000000000080705a        0x2 src/usart_basic.o
                0x000000000080705a                USART_2_rx_isr_cb
