Archive member included to satisfy reference by file (symbol)

c:/program files (x86)/atmel/studio/7.0/toolchain/avr8/avr8-gnu-toolchain/bin/../lib/gcc/avr/5.4.0/../../../../avr/lib/avrxmega3\libm.a(addsf3.o)
                              src/i2c_master.o (__subsf3)
c:/program files (x86)/atmel/studio/7.0/toolchain/avr8/avr8-gnu-toolchain/bin/../lib/gcc/avr/5.4.0/../../../../avr/lib/avrxmega3\libm.a(addsf3x.o)
                              c:/program files (x86)/atmel/studio/7.0/toolchain/avr8/avr8-gnu-toolchain/bin/../lib/gcc/avr/5.4.0/../../../../avr/lib/avrxmega3\libm.a(addsf3.o) (__addsf3x)
c:/program files (x86)/atmel/studio/7.0/toolchain/avr8/avr8-gnu-toolchain/bin/../lib/gcc/avr/5.4.0/../../../../avr/lib/avrxmega3\libm.a(divsf3.o)
                              src/i2c_master.o (__divsf3)
c:/program files (x86)/atmel/studio/7.0/toolchain/avr8/avr8-gnu-toolchain/bin/../lib/gcc/avr/5.4.0/../../../../avr/lib/avrxmega3\libm.a(divsf3x.o)
                              c:/program files (x86)/atmel/studio/7.0/toolchain/avr8/avr8-gnu-toolchain/bin/../lib/gcc/avr/5.4.0/../../../../avr/lib/avrxmega3\libm.a(divsf3.o) (__divsf3x)
c:/program files (x86)/atmel/studio/7.0/toolchain/avr8/avr8-gnu-toolchain/bin/../lib/gcc/avr/5.4.0/../../../../avr/lib/avrxmega3\libm.a(fixunssfsi.o)
                              src/i2c_master.o (__fixunssfsi)
c:/program files (x86)/atmel/studio/7.0/toolchain/avr8/avr8-gnu-toolchain/bin/../lib/gcc/avr/5.4.0/../../../../avr/lib/avrxmega3\libm.a(floatsisf.o)
                              src/i2c_master.o (__floatunsisf)
c:/program files (x86)/atmel/studio/7.0/toolchain/avr8/avr8-gnu-toolchain/bin/../lib/gcc/avr/5.4.0/../../../../avr/lib/avrxmega3\libm.a(fp_inf.o)
                              c:/program files (x86)/atmel/studio/7.0/toolchain/avr8/avr8-gnu-toolchain/bin/../lib/gcc/avr/5.4.0/../../../../avr/lib/avrxmega3\libm.a(addsf3x.o) (__fp_inf)
c:/program files (x86)/atmel/studio/7.0/toolchain/avr8/avr8-gnu-toolchain/bin/../lib/gcc/avr/5.4.0/../../../../avr/lib/avrxmega3\libm.a(fp_nan.o)
                              c:/program files (x86)/atmel/studio/7.0/toolchain/avr8/avr8-gnu-toolchain/bin/../lib/gcc/avr/5.4.0/../../../../avr/lib/avrxmega3\libm.a(addsf3x.o) (__fp_nan)
c:/program files (x86)/atmel/studio/7.0/toolchain/avr8/avr8-gnu-toolchain/bin/../lib/gcc/avr/5.4.0/../../../../avr/lib/avrxmega3\libm.a(fp_pscA.o)
                              c:/program files (x86)/atmel/studio/7.0/toolchain/avr8/avr8-gnu-toolchain/bin/../lib/gcc/avr/5.4.0/../../../../avr/lib/avrxmega3\libm.a(addsf3x.o) (__fp_pscA)
c:/program files (x86)/atmel/studio/7.0/toolchain/avr8/avr8-gnu-toolchain/bin/../lib/gcc/avr/5.4.0/../../../../avr/lib/avrxmega3\libm.a(fp_pscB.o)
                              c:/program files (x86)/atmel/studio/7.0/toolchain/avr8/avr8-gnu-toolchain/bin/../lib/gcc/avr/5.4.0/../../../../avr/lib/avrxmega3\libm.a(addsf3x.o) (__fp_pscB)
c:/program files (x86)/atmel/studio/7.0/toolchain/avr8/avr8-gnu-toolchain/bin/../lib/gcc/avr/5.4.0/../../../../avr/lib/avrxmega3\libm.a(fp_round.o)
                              c:/program files (x86)/atmel/studio/7.0/toolchain/avr8/avr8-gnu-toolchain/bin/../lib/gcc/avr/5.4.0/../../../../avr/lib/avrxmega3\libm.a(addsf3.o) (__fp_round)
c:/program files (x86)/atmel/studio/7.0/toolchain/avr8/avr8-gnu-toolchain/bin/../lib/gcc/avr/5.4.0/../../../../avr/lib/avrxmega3\libm.a(fp_split3.o)
                              c:/program files (x86)/atmel/studio/7.0/toolchain/avr8/avr8-gnu-toolchain/bin/../lib/gcc/avr/5.4.0/../../../../avr/lib/avrxmega3\libm.a(addsf3x.o) (__fp_split3)
c:/program files (x86)/atmel/studio/7.0/toolchain/avr8/avr8-gnu-toolchain/bin/../lib/gcc/avr/5.4.0/../../../../avr/lib/avrxmega3\libm.a(fp_zero.o)
                              c:/program files (x86)/atmel/studio/7.0/toolchain/avr8/avr8-gnu-toolchain/bin/../lib/gcc/avr/5.4.0/../../../../avr/lib/avrxmega3\libm.a(addsf3x.o) (__fp_zero)
c:/program files (x86)/atmel/studio/7.0/toolchain/avr8/avr8-gnu-toolchain/bin/../lib/gcc/avr/5.4.0/../../../../avr/lib/avrxmega3\libm.a(mulsf3.o)
                              src/i2c_master.o (__mulsf3)
c:/program files (x86)/atmel/studio/7.0/toolchain/avr8/avr8-gnu-toolchain/bin/../lib/gcc/avr/5.4.0/../../../../avr/lib/avrxmega3\libm.a(mulsf3x.o)
                              c:/program files (x86)/atmel/studio/7.0/toolchain/avr8/avr8-gnu-toolchain/bin/../lib/gcc/avr/5.4.0/../../../../avr/lib/avrxmega3\libm.a(mulsf3.o) (__mulsf3x)
c:/program files (x86)/atmel/studio/7.0/toolchain/avr8/avr8-gnu-toolchain/bin/../lib/gcc/avr/5.4.0/avrxmega3\libgcc.a(_exit.o)
                              C:/Program Files (x86)/Atmel/Studio/7.0/Packs/Atmel/AVR-Dx_DFP/1.8.95/gcc/dev/avr32da32/avrxmega3/crtavr32da32.o (exit)
c:/program files (x86)/atmel/studio/7.0/toolchain/avr8/avr8-gnu-toolchain/bin/../lib/gcc/avr/5.4.0/avrxmega3\libgcc.a(_copy_data.o)
                              src/i2c_master.o (__do_copy_data)
c:/program files (x86)/atmel/studio/7.0/toolchain/avr8/avr8-gnu-toolchain/bin/../lib/gcc/avr/5.4.0/avrxmega3\libgcc.a(_clear_bss.o)
                              examples/src/i2c_master_example.o (__do_clear_bss)
c:/program files (x86)/atmel/studio/7.0/toolchain/avr8/avr8-gnu-toolchain/bin/../lib/gcc/avr/5.4.0/../../../../avr/lib/avrxmega3\libc.a(strncmp.o)
                              examples/src/usart_basic_example.o (strncmp)
c:/program files (x86)/atmel/studio/7.0/toolchain/avr8/avr8-gnu-toolchain/bin/../lib/gcc/avr/5.4.0/../../../../avr/lib/avrxmega3\libc.a(printf.o)
                              examples/src/usart_basic_example.o (printf)
c:/program files (x86)/atmel/studio/7.0/toolchain/avr8/avr8-gnu-toolchain/bin/../lib/gcc/avr/5.4.0/../../../../avr/lib/avrxmega3\libc.a(vfprintf_std.o)
                              c:/program files (x86)/atmel/studio/7.0/toolchain/avr8/avr8-gnu-toolchain/bin/../lib/gcc/avr/5.4.0/../../../../avr/lib/avrxmega3\libc.a(printf.o) (vfprintf)
c:/program files (x86)/atmel/studio/7.0/toolchain/avr8/avr8-gnu-toolchain/bin/../lib/gcc/avr/5.4.0/../../../../avr/lib/avrxmega3\libc.a(strnlen_P.o)
                              c:/program files (x86)/atmel/studio/7.0/toolchain/avr8/avr8-gnu-toolchain/bin/../lib/gcc/avr/5.4.0/../../../../avr/lib/avrxmega3\libc.a(vfprintf_std.o) (strnlen_P)
c:/program files (x86)/atmel/studio/7.0/toolchain/avr8/avr8-gnu-toolchain/bin/../lib/gcc/avr/5.4.0/../../../../avr/lib/avrxmega3\libc.a(strnlen.o)
                              c:/program files (x86)/atmel/studio/7.0/toolchain/avr8/avr8-gnu-toolchain/bin/../lib/gcc/avr/5.4.0/../../../../avr/lib/avrxmega3\libc.a(vfprintf_std.o) (strnlen)
c:/program files (x86)/atmel/studio/7.0/toolchain/avr8/avr8-gnu-toolchain/bin/../lib/gcc/avr/5.4.0/../../../../avr/lib/avrxmega3\libc.a(fputc.o)
                              c:/program files (x86)/atmel/studio/7.0/toolchain/avr8/avr8-gnu-toolchain/bin/../lib/gcc/avr/5.4.0/../../../../avr/lib/avrxmega3\libc.a(vfprintf_std.o) (fputc)
c:/program files (x86)/atmel/studio/7.0/toolchain/avr8/avr8-gnu-toolchain/bin/../lib/gcc/avr/5.4.0/../../../../avr/lib/avrxmega3\libc.a(iob.o)
                              c:/program files (x86)/atmel/studio/7.0/toolchain/avr8/avr8-gnu-toolchain/bin/../lib/gcc/avr/5.4.0/../../../../avr/lib/avrxmega3\libc.a(printf.o) (__iob)
c:/program files (x86)/atmel/studio/7.0/toolchain/avr8/avr8-gnu-toolchain/bin/../lib/gcc/avr/5.4.0/../../../../avr/lib/avrxmega3\libc.a(ultoa_invert.o)
                              c:/program files (x86)/atmel/studio/7.0/toolchain/avr8/avr8-gnu-toolchain/bin/../lib/gcc/avr/5.4.0/../../../../avr/lib/avrxmega3\libc.a(vfprintf_std.o) (__ultoa_invert)
c:/program files (x86)/atmel/studio/7.0/toolchain/avr8/avr8-gnu-toolchain/bin/../lib/gcc/avr/5.4.0/avrxmega3\libgcc.a(_prologue.o)
                              c:/program files (x86)/atmel/studio/7.0/toolchain/avr8/avr8-gnu-toolchain/bin/../lib/gcc/avr/5.4.0/../../../../avr/lib/avrxmega3\libc.a(printf.o) (__prologue_saves__)
c:/program files (x86)/atmel/studio/7.0/toolchain/avr8/avr8-gnu-toolchain/bin/../lib/gcc/avr/5.4.0/avrxmega3\libgcc.a(_epilogue.o)
                              c:/program files (x86)/atmel/studio/7.0/toolchain/avr8/avr8-gnu-toolchain/bin/../lib/gcc/avr/5.4.0/../../../../avr/lib/avrxmega3\libc.a(printf.o) (__epilogue_restores__)

Allocating common symbols
Common symbol       size              file

TIMER_0_dummy       0xa               src/timeout.o
read_data           0x2               examples/src/i2c_master_example.o
__iob               0x6               c:/program files (x86)/atmel/studio/7.0/toolchain/avr8/avr8-gnu-toolchain/bin/../lib/gcc/avr/5.4.0/../../../../avr/lib/avrxmega3\libc.a(iob.o)

Discarded input sections

 .data          0x00000000        0x0 C:/Program Files (x86)/Atmel/Studio/7.0/Packs/Atmel/AVR-Dx_DFP/1.8.95/gcc/dev/avr32da32/avrxmega3/crtavr32da32.o
 .bss           0x00000000        0x0 C:/Program Files (x86)/Atmel/Studio/7.0/Packs/Atmel/AVR-Dx_DFP/1.8.95/gcc/dev/avr32da32/avrxmega3/crtavr32da32.o
 .text          0x00000000        0x0 atmel_start.o
 .data          0x00000000        0x0 atmel_start.o
 .bss           0x00000000        0x0 atmel_start.o
 .text          0x00000000        0x0 driver_isr.o
 .data          0x00000000        0x0 driver_isr.o
 .bss           0x00000000        0x0 driver_isr.o
 .debug_info    0x00000000       0x64 driver_isr.o
 .debug_abbrev  0x00000000       0x26 driver_isr.o
 .debug_aranges
                0x00000000       0x18 driver_isr.o
 .debug_line    0x00000000       0x1a driver_isr.o
 .debug_str     0x00000000      0x17d driver_isr.o
 .comment       0x00000000       0x31 driver_isr.o
 .text          0x00000000        0x0 examples/src/i2c_master_example.o
 .data          0x00000000        0x0 examples/src/i2c_master_example.o
 .bss           0x00000000        0x0 examples/src/i2c_master_example.o
 .text.I2C_0_read_handler
                0x00000000       0x1e examples/src/i2c_master_example.o
 .text.I2C_0_do_transfer
                0x00000000       0x8c examples/src/i2c_master_example.o
 .text.I2C_0_test_i2c_master
                0x00000000       0x10 examples/src/i2c_master_example.o
 .debug_info    0x00000000      0x326 examples/src/i2c_master_example.o
 .debug_abbrev  0x00000000      0x155 examples/src/i2c_master_example.o
 .debug_loc     0x00000000      0x190 examples/src/i2c_master_example.o
 .debug_aranges
                0x00000000       0x30 examples/src/i2c_master_example.o
 .debug_ranges  0x00000000       0x20 examples/src/i2c_master_example.o
 .debug_line    0x00000000      0x198 examples/src/i2c_master_example.o
 .debug_str     0x00000000      0x314 examples/src/i2c_master_example.o
 .comment       0x00000000       0x31 examples/src/i2c_master_example.o
 .debug_frame   0x00000000       0x60 examples/src/i2c_master_example.o
 COMMON         0x00000000        0x2 examples/src/i2c_master_example.o
 .text          0x00000000        0x0 examples/src/timeout_example.o
 .data          0x00000000        0x0 examples/src/timeout_example.o
 .bss           0x00000000        0x0 examples/src/timeout_example.o
 .text.foo      0x00000000       0x24 examples/src/timeout_example.o
 .text.bar      0x00000000        0xe examples/src/timeout_example.o
 .text.TIMER_0_test_timeout
                0x00000000       0xca examples/src/timeout_example.o
 .bss.cycles    0x00000000        0x2 examples/src/timeout_example.o
 .bss.b         0x00000000        0x1 examples/src/timeout_example.o
 .bss.a         0x00000000        0x1 examples/src/timeout_example.o
 .debug_info    0x00000000      0x2d8 examples/src/timeout_example.o
 .debug_abbrev  0x00000000      0x149 examples/src/timeout_example.o
 .debug_loc     0x00000000       0xd1 examples/src/timeout_example.o
 .debug_aranges
                0x00000000       0x30 examples/src/timeout_example.o
 .debug_ranges  0x00000000       0x20 examples/src/timeout_example.o
 .debug_line    0x00000000      0x18f examples/src/timeout_example.o
 .debug_str     0x00000000      0x2d6 examples/src/timeout_example.o
 .comment       0x00000000       0x31 examples/src/timeout_example.o
 .debug_frame   0x00000000       0x60 examples/src/timeout_example.o
 .text          0x00000000        0x0 examples/src/usart_basic_example.o
 .data          0x00000000        0x0 examples/src/usart_basic_example.o
 .bss           0x00000000        0x0 examples/src/usart_basic_example.o
 .rodata.str1.1
                0x00000000        0x9 examples/src/usart_basic_example.o
 .text.USART_1_test_usart_basic
                0x00000000       0x72 examples/src/usart_basic_example.o
 .text.USART_2_test_usart_basic
                0x00000000       0x72 examples/src/usart_basic_example.o
 .bss.rx        0x00000000       0x10 examples/src/usart_basic_example.o
 .debug_info    0x00000000      0x1c7 examples/src/usart_basic_example.o
 .debug_abbrev  0x00000000       0xcd examples/src/usart_basic_example.o
 .debug_loc     0x00000000      0x152 examples/src/usart_basic_example.o
 .debug_aranges
                0x00000000       0x28 examples/src/usart_basic_example.o
 .debug_ranges  0x00000000       0x18 examples/src/usart_basic_example.o
 .debug_line    0x00000000      0x1a5 examples/src/usart_basic_example.o
 .debug_str     0x00000000      0x1f4 examples/src/usart_basic_example.o
 .comment       0x00000000       0x31 examples/src/usart_basic_example.o
 .debug_frame   0x00000000       0x7c examples/src/usart_basic_example.o
 .text          0x00000000        0x0 main.o
 .data          0x00000000        0x0 main.o
 .bss           0x00000000        0x0 main.o
 .text          0x00000000        0x0 SpecialLibraries/SHT31.o
 .data          0x00000000        0x0 SpecialLibraries/SHT31.o
 .bss           0x00000000        0x0 SpecialLibraries/SHT31.o
 .text.testFunct
                0x00000000        0x2 SpecialLibraries/SHT31.o
 .text.readTempHum
                0x00000000        0x6 SpecialLibraries/SHT31.o
 .debug_info    0x00000000       0xf3 SpecialLibraries/SHT31.o
 .debug_abbrev  0x00000000       0x81 SpecialLibraries/SHT31.o
 .debug_aranges
                0x00000000       0x28 SpecialLibraries/SHT31.o
 .debug_ranges  0x00000000       0x18 SpecialLibraries/SHT31.o
 .debug_line    0x00000000       0xc7 SpecialLibraries/SHT31.o
 .debug_str     0x00000000      0x1ca SpecialLibraries/SHT31.o
 .comment       0x00000000       0x31 SpecialLibraries/SHT31.o
 .debug_frame   0x00000000       0x34 SpecialLibraries/SHT31.o
 .text          0x00000000        0x0 src/bod.o
 .data          0x00000000        0x0 src/bod.o
 .bss           0x00000000        0x0 src/bod.o
 .text          0x00000000        0x0 src/clkctrl.o
 .data          0x00000000        0x0 src/clkctrl.o
 .bss           0x00000000        0x0 src/clkctrl.o
 .text          0x00000000        0x0 src/cpuint.o
 .data          0x00000000        0x0 src/cpuint.o
 .bss           0x00000000        0x0 src/cpuint.o
 .text          0x00000000        0x0 src/driver_init.o
 .data          0x00000000        0x0 src/driver_init.o
 .bss           0x00000000        0x0 src/driver_init.o
 .text          0x00000000        0x0 src/i2c_master.o
 .data          0x00000000        0x0 src/i2c_master.o
 .bss           0x00000000        0x0 src/i2c_master.o
 .text.I2C_0_return_stop
                0x00000000        0x4 src/i2c_master.o
 .text.I2C_0_return_reset
                0x00000000        0x4 src/i2c_master.o
 .text.I2C_0_set_callback
                0x00000000       0x52 src/i2c_master.o
 .text.I2C_0_set_data_complete_callback
                0x00000000        0xc src/i2c_master.o
 .text.I2C_0_set_write_collision_callback
                0x00000000        0xc src/i2c_master.o
 .text.I2C_0_set_address_nack_callback
                0x00000000        0xc src/i2c_master.o
 .text.I2C_0_set_data_nack_callback
                0x00000000        0xc src/i2c_master.o
 .text.I2C_0_set_timeout_callback
                0x00000000        0xc src/i2c_master.o
 .text.I2C_0_open
                0x00000000       0x7a src/i2c_master.o
 .text.I2C_0_set_address
                0x00000000        0x6 src/i2c_master.o
 .text.I2C_0_close
                0x00000000       0x50 src/i2c_master.o
 .text.I2C_0_set_timeout
                0x00000000       0x1c src/i2c_master.o
 .text.I2C_0_set_baud_rate
                0x00000000       0x36 src/i2c_master.o
 .text.I2C_0_set_buffer
                0x00000000       0x1e src/i2c_master.o
 .text.I2C_0_master_operation
                0x00000000       0x2e src/i2c_master.o
 .text.I2C_0_master_read
                0x00000000        0x8 src/i2c_master.o
 .text.I2C_0_master_write
                0x00000000        0x8 src/i2c_master.o
 .text          0x00000000        0x0 src/i2c_simple_master.o
 .data          0x00000000        0x0 src/i2c_simple_master.o
 .bss           0x00000000        0x0 src/i2c_simple_master.o
 .text.I2C_0_wr1RegCompleteHandler
                0x00000000       0x18 src/i2c_simple_master.o
 .text.I2C_0_rd1RegCompleteHandler
                0x00000000       0x18 src/i2c_simple_master.o
 .text.I2C_0_rd2RegCompleteHandler
                0x00000000       0x18 src/i2c_simple_master.o
 .text.I2C_0_wr2RegCompleteHandler
                0x00000000       0x18 src/i2c_simple_master.o
 .text.I2C_0_rdBlkRegCompleteHandler
                0x00000000       0x1e src/i2c_simple_master.o
 .text.I2C_0_write1ByteRegister
                0x00000000       0x88 src/i2c_simple_master.o
 .text.I2C_0_writeNBytes
                0x00000000       0x70 src/i2c_simple_master.o
 .text.I2C_0_read1ByteRegister
                0x00000000       0x80 src/i2c_simple_master.o
 .text.I2C_0_read2ByteRegister
                0x00000000       0x66 src/i2c_simple_master.o
 .text.I2C_0_write2ByteRegister
                0x00000000       0x8e src/i2c_simple_master.o
 .text.I2C_0_readDataBlock
                0x00000000       0x94 src/i2c_simple_master.o
 .text.I2C_0_readNBytes
                0x00000000       0x64 src/i2c_simple_master.o
 .debug_info    0x00000000      0x973 src/i2c_simple_master.o
 .debug_abbrev  0x00000000      0x15d src/i2c_simple_master.o
 .debug_loc     0x00000000      0x97d src/i2c_simple_master.o
 .debug_aranges
                0x00000000       0x78 src/i2c_simple_master.o
 .debug_ranges  0x00000000       0x68 src/i2c_simple_master.o
 .debug_line    0x00000000      0x528 src/i2c_simple_master.o
 .debug_str     0x00000000      0x401 src/i2c_simple_master.o
 .comment       0x00000000       0x31 src/i2c_simple_master.o
 .debug_frame   0x00000000      0x1b4 src/i2c_simple_master.o
 .text          0x00000000        0x0 src/i2c_types.o
 .data          0x00000000        0x0 src/i2c_types.o
 .bss           0x00000000        0x0 src/i2c_types.o
 .text.i2c_cb_return_stop
                0x00000000        0x4 src/i2c_types.o
 .text.i2c_cb_return_reset
                0x00000000        0x4 src/i2c_types.o
 .text.i2c_cb_restart_write
                0x00000000        0x4 src/i2c_types.o
 .text.i2c_cb_restart_read
                0x00000000        0x4 src/i2c_types.o
 .debug_info    0x00000000      0x146 src/i2c_types.o
 .debug_abbrev  0x00000000       0x9d src/i2c_types.o
 .debug_loc     0x00000000       0x98 src/i2c_types.o
 .debug_aranges
                0x00000000       0x38 src/i2c_types.o
 .debug_ranges  0x00000000       0x28 src/i2c_types.o
 .debug_line    0x00000000       0xa2 src/i2c_types.o
 .debug_str     0x00000000      0x219 src/i2c_types.o
 .comment       0x00000000       0x31 src/i2c_types.o
 .debug_frame   0x00000000       0x54 src/i2c_types.o
 .text          0x00000000        0x0 src/protected_io.o
 .data          0x00000000        0x0 src/protected_io.o
 .bss           0x00000000        0x0 src/protected_io.o
 .text.protected_write_io
                0x00000000        0x8 src/protected_io.o
 .debug_line    0x00000000       0x55 src/protected_io.o
 .debug_info    0x00000000       0x82 src/protected_io.o
 .debug_abbrev  0x00000000       0x14 src/protected_io.o
 .debug_aranges
                0x00000000       0x20 src/protected_io.o
 .text          0x00000000        0x0 src/slpctrl.o
 .data          0x00000000        0x0 src/slpctrl.o
 .bss           0x00000000        0x0 src/slpctrl.o
 .text.SLPCTRL_set_sleep_mode
                0x00000000       0x10 src/slpctrl.o
 .text          0x00000000        0x0 src/timeout.o
 .data          0x00000000        0x0 src/timeout.o
 .bss           0x00000000        0x0 src/timeout.o
 .text.TIMER_0_set_timer_duration
                0x00000000       0x72 src/timeout.o
 .text.TIMER_0_make_absolute
                0x00000000       0x88 src/timeout.o
 .text.TIMER_0_rebase_list
                0x00000000       0xc8 src/timeout.o
 .text.TIMER_0_sorted_insert
                0x00000000      0x1f4 src/timeout.o
 .text.TIMER_0_timeout_delete_helper
                0x00000000       0x7c src/timeout.o
 .text.TIMER_0_timeout_delete
                0x00000000       0x28 src/timeout.o
 .text.TIMER_0_timeout_flush_all
                0x00000000       0x32 src/timeout.o
 .text.TIMER_0_enqueue_callback
                0x00000000       0x44 src/timeout.o
 .text.TIMER_0_timeout_create
                0x00000000       0xc6 src/timeout.o
 .text.TIMER_0_timeout_call_next_callback
                0x00000000       0x6e src/timeout.o
 .text.TIMER_0_timeout_start_timer
                0x00000000        0xe src/timeout.o
 .text.TIMER_0_timeout_stop_timer
                0x00000000       0xb0 src/timeout.o
 .text          0x00000000        0x0 src/usart_basic.o
 .data          0x00000000        0x0 src/usart_basic.o
 .bss           0x00000000        0x0 src/usart_basic.o
 .text.USART_1_enable
                0x00000000        0xc src/usart_basic.o
 .text.USART_1_enable_rx
                0x00000000        0xc src/usart_basic.o
 .text.USART_1_enable_tx
                0x00000000        0xc src/usart_basic.o
 .text.USART_1_disable
                0x00000000        0xc src/usart_basic.o
 .text.USART_1_get_data
                0x00000000        0x6 src/usart_basic.o
 .text.USART_1_is_tx_ready
                0x00000000        0xc src/usart_basic.o
 .text.USART_1_is_rx_ready
                0x00000000        0xc src/usart_basic.o
 .text.USART_1_is_tx_busy
                0x00000000       0x14 src/usart_basic.o
 .text.USART_1_read
                0x00000000        0xe src/usart_basic.o
 .text.USART_1_write
                0x00000000        0xe src/usart_basic.o
 .text.USART_2_enable
                0x00000000        0xc src/usart_basic.o
 .text.USART_2_enable_rx
                0x00000000        0xc src/usart_basic.o
 .text.USART_2_enable_tx
                0x00000000        0xc src/usart_basic.o
 .text.USART_2_disable
                0x00000000        0xc src/usart_basic.o
 .text.USART_2_get_data
                0x00000000        0x6 src/usart_basic.o
 .text.USART_2_is_tx_ready
                0x00000000        0xc src/usart_basic.o
 .text.USART_2_is_rx_ready
                0x00000000        0xc src/usart_basic.o
 .text.USART_2_is_tx_busy
                0x00000000       0x14 src/usart_basic.o
 .text.USART_2_read
                0x00000000        0xe src/usart_basic.o
 .text.USART_2_write
                0x00000000        0xe src/usart_basic.o
 .text          0x00000000        0x0 c:/program files (x86)/atmel/studio/7.0/toolchain/avr8/avr8-gnu-toolchain/bin/../lib/gcc/avr/5.4.0/../../../../avr/lib/avrxmega3\libm.a(addsf3.o)
 .data          0x00000000        0x0 c:/program files (x86)/atmel/studio/7.0/toolchain/avr8/avr8-gnu-toolchain/bin/../lib/gcc/avr/5.4.0/../../../../avr/lib/avrxmega3\libm.a(addsf3.o)
 .bss           0x00000000        0x0 c:/program files (x86)/atmel/studio/7.0/toolchain/avr8/avr8-gnu-toolchain/bin/../lib/gcc/avr/5.4.0/../../../../avr/lib/avrxmega3\libm.a(addsf3.o)
 .text.avr-libc.fplib
                0x00000000        0xe c:/program files (x86)/atmel/studio/7.0/toolchain/avr8/avr8-gnu-toolchain/bin/../lib/gcc/avr/5.4.0/../../../../avr/lib/avrxmega3\libm.a(addsf3.o)
 .text          0x00000000        0x0 c:/program files (x86)/atmel/studio/7.0/toolchain/avr8/avr8-gnu-toolchain/bin/../lib/gcc/avr/5.4.0/../../../../avr/lib/avrxmega3\libm.a(addsf3x.o)
 .data          0x00000000        0x0 c:/program files (x86)/atmel/studio/7.0/toolchain/avr8/avr8-gnu-toolchain/bin/../lib/gcc/avr/5.4.0/../../../../avr/lib/avrxmega3\libm.a(addsf3x.o)
 .bss           0x00000000        0x0 c:/program files (x86)/atmel/studio/7.0/toolchain/avr8/avr8-gnu-toolchain/bin/../lib/gcc/avr/5.4.0/../../../../avr/lib/avrxmega3\libm.a(addsf3x.o)
 .text.avr-libc.fplib
                0x00000000       0xcc c:/program files (x86)/atmel/studio/7.0/toolchain/avr8/avr8-gnu-toolchain/bin/../lib/gcc/avr/5.4.0/../../../../avr/lib/avrxmega3\libm.a(addsf3x.o)
 .text          0x00000000        0x0 c:/program files (x86)/atmel/studio/7.0/toolchain/avr8/avr8-gnu-toolchain/bin/../lib/gcc/avr/5.4.0/../../../../avr/lib/avrxmega3\libm.a(divsf3.o)
 .data          0x00000000        0x0 c:/program files (x86)/atmel/studio/7.0/toolchain/avr8/avr8-gnu-toolchain/bin/../lib/gcc/avr/5.4.0/../../../../avr/lib/avrxmega3\libm.a(divsf3.o)
 .bss           0x00000000        0x0 c:/program files (x86)/atmel/studio/7.0/toolchain/avr8/avr8-gnu-toolchain/bin/../lib/gcc/avr/5.4.0/../../../../avr/lib/avrxmega3\libm.a(divsf3.o)
 .text.avr-libc.fplib
                0x00000000        0x8 c:/program files (x86)/atmel/studio/7.0/toolchain/avr8/avr8-gnu-toolchain/bin/../lib/gcc/avr/5.4.0/../../../../avr/lib/avrxmega3\libm.a(divsf3.o)
 .text          0x00000000        0x0 c:/program files (x86)/atmel/studio/7.0/toolchain/avr8/avr8-gnu-toolchain/bin/../lib/gcc/avr/5.4.0/../../../../avr/lib/avrxmega3\libm.a(divsf3x.o)
 .data          0x00000000        0x0 c:/program files (x86)/atmel/studio/7.0/toolchain/avr8/avr8-gnu-toolchain/bin/../lib/gcc/avr/5.4.0/../../../../avr/lib/avrxmega3\libm.a(divsf3x.o)
 .bss           0x00000000        0x0 c:/program files (x86)/atmel/studio/7.0/toolchain/avr8/avr8-gnu-toolchain/bin/../lib/gcc/avr/5.4.0/../../../../avr/lib/avrxmega3\libm.a(divsf3x.o)
 .text.avr-libc.fplib
                0x00000000       0xdc c:/program files (x86)/atmel/studio/7.0/toolchain/avr8/avr8-gnu-toolchain/bin/../lib/gcc/avr/5.4.0/../../../../avr/lib/avrxmega3\libm.a(divsf3x.o)
 .text          0x00000000        0x0 c:/program files (x86)/atmel/studio/7.0/toolchain/avr8/avr8-gnu-toolchain/bin/../lib/gcc/avr/5.4.0/../../../../avr/lib/avrxmega3\libm.a(fixunssfsi.o)
 .data          0x00000000        0x0 c:/program files (x86)/atmel/studio/7.0/toolchain/avr8/avr8-gnu-toolchain/bin/../lib/gcc/avr/5.4.0/../../../../avr/lib/avrxmega3\libm.a(fixunssfsi.o)
 .bss           0x00000000        0x0 c:/program files (x86)/atmel/studio/7.0/toolchain/avr8/avr8-gnu-toolchain/bin/../lib/gcc/avr/5.4.0/../../../../avr/lib/avrxmega3\libm.a(fixunssfsi.o)
 .text.avr-libc.fplib
                0x00000000       0x5e c:/program files (x86)/atmel/studio/7.0/toolchain/avr8/avr8-gnu-toolchain/bin/../lib/gcc/avr/5.4.0/../../../../avr/lib/avrxmega3\libm.a(fixunssfsi.o)
 .text          0x00000000        0x0 c:/program files (x86)/atmel/studio/7.0/toolchain/avr8/avr8-gnu-toolchain/bin/../lib/gcc/avr/5.4.0/../../../../avr/lib/avrxmega3\libm.a(floatsisf.o)
 .data          0x00000000        0x0 c:/program files (x86)/atmel/studio/7.0/toolchain/avr8/avr8-gnu-toolchain/bin/../lib/gcc/avr/5.4.0/../../../../avr/lib/avrxmega3\libm.a(floatsisf.o)
 .bss           0x00000000        0x0 c:/program files (x86)/atmel/studio/7.0/toolchain/avr8/avr8-gnu-toolchain/bin/../lib/gcc/avr/5.4.0/../../../../avr/lib/avrxmega3\libm.a(floatsisf.o)
 .text.avr-libc.fplib
                0x00000000       0x7a c:/program files (x86)/atmel/studio/7.0/toolchain/avr8/avr8-gnu-toolchain/bin/../lib/gcc/avr/5.4.0/../../../../avr/lib/avrxmega3\libm.a(floatsisf.o)
 .text          0x00000000        0x0 c:/program files (x86)/atmel/studio/7.0/toolchain/avr8/avr8-gnu-toolchain/bin/../lib/gcc/avr/5.4.0/../../../../avr/lib/avrxmega3\libm.a(fp_inf.o)
 .data          0x00000000        0x0 c:/program files (x86)/atmel/studio/7.0/toolchain/avr8/avr8-gnu-toolchain/bin/../lib/gcc/avr/5.4.0/../../../../avr/lib/avrxmega3\libm.a(fp_inf.o)
 .bss           0x00000000        0x0 c:/program files (x86)/atmel/studio/7.0/toolchain/avr8/avr8-gnu-toolchain/bin/../lib/gcc/avr/5.4.0/../../../../avr/lib/avrxmega3\libm.a(fp_inf.o)
 .text.avr-libc.fplib
                0x00000000        0xc c:/program files (x86)/atmel/studio/7.0/toolchain/avr8/avr8-gnu-toolchain/bin/../lib/gcc/avr/5.4.0/../../../../avr/lib/avrxmega3\libm.a(fp_inf.o)
 .text          0x00000000        0x0 c:/program files (x86)/atmel/studio/7.0/toolchain/avr8/avr8-gnu-toolchain/bin/../lib/gcc/avr/5.4.0/../../../../avr/lib/avrxmega3\libm.a(fp_nan.o)
 .data          0x00000000        0x0 c:/program files (x86)/atmel/studio/7.0/toolchain/avr8/avr8-gnu-toolchain/bin/../lib/gcc/avr/5.4.0/../../../../avr/lib/avrxmega3\libm.a(fp_nan.o)
 .bss           0x00000000        0x0 c:/program files (x86)/atmel/studio/7.0/toolchain/avr8/avr8-gnu-toolchain/bin/../lib/gcc/avr/5.4.0/../../../../avr/lib/avrxmega3\libm.a(fp_nan.o)
 .text.avr-libc.fplib
                0x00000000        0x6 c:/program files (x86)/atmel/studio/7.0/toolchain/avr8/avr8-gnu-toolchain/bin/../lib/gcc/avr/5.4.0/../../../../avr/lib/avrxmega3\libm.a(fp_nan.o)
 .text          0x00000000        0x0 c:/program files (x86)/atmel/studio/7.0/toolchain/avr8/avr8-gnu-toolchain/bin/../lib/gcc/avr/5.4.0/../../../../avr/lib/avrxmega3\libm.a(fp_pscA.o)
 .data          0x00000000        0x0 c:/program files (x86)/atmel/studio/7.0/toolchain/avr8/avr8-gnu-toolchain/bin/../lib/gcc/avr/5.4.0/../../../../avr/lib/avrxmega3\libm.a(fp_pscA.o)
 .bss           0x00000000        0x0 c:/program files (x86)/atmel/studio/7.0/toolchain/avr8/avr8-gnu-toolchain/bin/../lib/gcc/avr/5.4.0/../../../../avr/lib/avrxmega3\libm.a(fp_pscA.o)
 .text.avr-libc.fplib
                0x00000000        0xe c:/program files (x86)/atmel/studio/7.0/toolchain/avr8/avr8-gnu-toolchain/bin/../lib/gcc/avr/5.4.0/../../../../avr/lib/avrxmega3\libm.a(fp_pscA.o)
 .text          0x00000000        0x0 c:/program files (x86)/atmel/studio/7.0/toolchain/avr8/avr8-gnu-toolchain/bin/../lib/gcc/avr/5.4.0/../../../../avr/lib/avrxmega3\libm.a(fp_pscB.o)
 .data          0x00000000        0x0 c:/program files (x86)/atmel/studio/7.0/toolchain/avr8/avr8-gnu-toolchain/bin/../lib/gcc/avr/5.4.0/../../../../avr/lib/avrxmega3\libm.a(fp_pscB.o)
 .bss           0x00000000        0x0 c:/program files (x86)/atmel/studio/7.0/toolchain/avr8/avr8-gnu-toolchain/bin/../lib/gcc/avr/5.4.0/../../../../avr/lib/avrxmega3\libm.a(fp_pscB.o)
 .text.avr-libc.fplib
                0x00000000        0xe c:/program files (x86)/atmel/studio/7.0/toolchain/avr8/avr8-gnu-toolchain/bin/../lib/gcc/avr/5.4.0/../../../../avr/lib/avrxmega3\libm.a(fp_pscB.o)
 .text          0x00000000        0x0 c:/program files (x86)/atmel/studio/7.0/toolchain/avr8/avr8-gnu-toolchain/bin/../lib/gcc/avr/5.4.0/../../../../avr/lib/avrxmega3\libm.a(fp_round.o)
 .data          0x00000000        0x0 c:/program files (x86)/atmel/studio/7.0/toolchain/avr8/avr8-gnu-toolchain/bin/../lib/gcc/avr/5.4.0/../../../../avr/lib/avrxmega3\libm.a(fp_round.o)
 .bss           0x00000000        0x0 c:/program files (x86)/atmel/studio/7.0/toolchain/avr8/avr8-gnu-toolchain/bin/../lib/gcc/avr/5.4.0/../../../../avr/lib/avrxmega3\libm.a(fp_round.o)
 .text.avr-libc.fplib
                0x00000000       0x22 c:/program files (x86)/atmel/studio/7.0/toolchain/avr8/avr8-gnu-toolchain/bin/../lib/gcc/avr/5.4.0/../../../../avr/lib/avrxmega3\libm.a(fp_round.o)
 .text          0x00000000        0x0 c:/program files (x86)/atmel/studio/7.0/toolchain/avr8/avr8-gnu-toolchain/bin/../lib/gcc/avr/5.4.0/../../../../avr/lib/avrxmega3\libm.a(fp_split3.o)
 .data          0x00000000        0x0 c:/program files (x86)/atmel/studio/7.0/toolchain/avr8/avr8-gnu-toolchain/bin/../lib/gcc/avr/5.4.0/../../../../avr/lib/avrxmega3\libm.a(fp_split3.o)
 .bss           0x00000000        0x0 c:/program files (x86)/atmel/studio/7.0/toolchain/avr8/avr8-gnu-toolchain/bin/../lib/gcc/avr/5.4.0/../../../../avr/lib/avrxmega3\libm.a(fp_split3.o)
 .text.avr-libc.fplib
                0x00000000       0x44 c:/program files (x86)/atmel/studio/7.0/toolchain/avr8/avr8-gnu-toolchain/bin/../lib/gcc/avr/5.4.0/../../../../avr/lib/avrxmega3\libm.a(fp_split3.o)
 .text          0x00000000        0x0 c:/program files (x86)/atmel/studio/7.0/toolchain/avr8/avr8-gnu-toolchain/bin/../lib/gcc/avr/5.4.0/../../../../avr/lib/avrxmega3\libm.a(fp_zero.o)
 .data          0x00000000        0x0 c:/program files (x86)/atmel/studio/7.0/toolchain/avr8/avr8-gnu-toolchain/bin/../lib/gcc/avr/5.4.0/../../../../avr/lib/avrxmega3\libm.a(fp_zero.o)
 .bss           0x00000000        0x0 c:/program files (x86)/atmel/studio/7.0/toolchain/avr8/avr8-gnu-toolchain/bin/../lib/gcc/avr/5.4.0/../../../../avr/lib/avrxmega3\libm.a(fp_zero.o)
 .text.avr-libc.fplib
                0x00000000        0xe c:/program files (x86)/atmel/studio/7.0/toolchain/avr8/avr8-gnu-toolchain/bin/../lib/gcc/avr/5.4.0/../../../../avr/lib/avrxmega3\libm.a(fp_zero.o)
 .text          0x00000000        0x0 c:/program files (x86)/atmel/studio/7.0/toolchain/avr8/avr8-gnu-toolchain/bin/../lib/gcc/avr/5.4.0/../../../../avr/lib/avrxmega3\libm.a(mulsf3.o)
 .data          0x00000000        0x0 c:/program files (x86)/atmel/studio/7.0/toolchain/avr8/avr8-gnu-toolchain/bin/../lib/gcc/avr/5.4.0/../../../../avr/lib/avrxmega3\libm.a(mulsf3.o)
 .bss           0x00000000        0x0 c:/program files (x86)/atmel/studio/7.0/toolchain/avr8/avr8-gnu-toolchain/bin/../lib/gcc/avr/5.4.0/../../../../avr/lib/avrxmega3\libm.a(mulsf3.o)
 .text.avr-libc.fplib
                0x00000000        0x8 c:/program files (x86)/atmel/studio/7.0/toolchain/avr8/avr8-gnu-toolchain/bin/../lib/gcc/avr/5.4.0/../../../../avr/lib/avrxmega3\libm.a(mulsf3.o)
 .text          0x00000000        0x0 c:/program files (x86)/atmel/studio/7.0/toolchain/avr8/avr8-gnu-toolchain/bin/../lib/gcc/avr/5.4.0/../../../../avr/lib/avrxmega3\libm.a(mulsf3x.o)
 .data          0x00000000        0x0 c:/program files (x86)/atmel/studio/7.0/toolchain/avr8/avr8-gnu-toolchain/bin/../lib/gcc/avr/5.4.0/../../../../avr/lib/avrxmega3\libm.a(mulsf3x.o)
 .bss           0x00000000        0x0 c:/program files (x86)/atmel/studio/7.0/toolchain/avr8/avr8-gnu-toolchain/bin/../lib/gcc/avr/5.4.0/../../../../avr/lib/avrxmega3\libm.a(mulsf3x.o)
 .text.avr-libc.fplib
                0x00000000       0xd2 c:/program files (x86)/atmel/studio/7.0/toolchain/avr8/avr8-gnu-toolchain/bin/../lib/gcc/avr/5.4.0/../../../../avr/lib/avrxmega3\libm.a(mulsf3x.o)
 .text          0x00000000        0x0 c:/program files (x86)/atmel/studio/7.0/toolchain/avr8/avr8-gnu-toolchain/bin/../lib/gcc/avr/5.4.0/avrxmega3\libgcc.a(_exit.o)
 .data          0x00000000        0x0 c:/program files (x86)/atmel/studio/7.0/toolchain/avr8/avr8-gnu-toolchain/bin/../lib/gcc/avr/5.4.0/avrxmega3\libgcc.a(_exit.o)
 .bss           0x00000000        0x0 c:/program files (x86)/atmel/studio/7.0/toolchain/avr8/avr8-gnu-toolchain/bin/../lib/gcc/avr/5.4.0/avrxmega3\libgcc.a(_exit.o)
 .text.libgcc.mul
                0x00000000        0x0 c:/program files (x86)/atmel/studio/7.0/toolchain/avr8/avr8-gnu-toolchain/bin/../lib/gcc/avr/5.4.0/avrxmega3\libgcc.a(_exit.o)
 .text.libgcc.div
                0x00000000        0x0 c:/program files (x86)/atmel/studio/7.0/toolchain/avr8/avr8-gnu-toolchain/bin/../lib/gcc/avr/5.4.0/avrxmega3\libgcc.a(_exit.o)
 .text.libgcc   0x00000000        0x0 c:/program files (x86)/atmel/studio/7.0/toolchain/avr8/avr8-gnu-toolchain/bin/../lib/gcc/avr/5.4.0/avrxmega3\libgcc.a(_exit.o)
 .text.libgcc.prologue
                0x00000000        0x0 c:/program files (x86)/atmel/studio/7.0/toolchain/avr8/avr8-gnu-toolchain/bin/../lib/gcc/avr/5.4.0/avrxmega3\libgcc.a(_exit.o)
 .text.libgcc.builtins
                0x00000000        0x0 c:/program files (x86)/atmel/studio/7.0/toolchain/avr8/avr8-gnu-toolchain/bin/../lib/gcc/avr/5.4.0/avrxmega3\libgcc.a(_exit.o)
 .text.libgcc.fmul
                0x00000000        0x0 c:/program files (x86)/atmel/studio/7.0/toolchain/avr8/avr8-gnu-toolchain/bin/../lib/gcc/avr/5.4.0/avrxmega3\libgcc.a(_exit.o)
 .text.libgcc.fixed
                0x00000000        0x0 c:/program files (x86)/atmel/studio/7.0/toolchain/avr8/avr8-gnu-toolchain/bin/../lib/gcc/avr/5.4.0/avrxmega3\libgcc.a(_exit.o)
 .text          0x00000000        0x0 c:/program files (x86)/atmel/studio/7.0/toolchain/avr8/avr8-gnu-toolchain/bin/../lib/gcc/avr/5.4.0/avrxmega3\libgcc.a(_copy_data.o)
 .data          0x00000000        0x0 c:/program files (x86)/atmel/studio/7.0/toolchain/avr8/avr8-gnu-toolchain/bin/../lib/gcc/avr/5.4.0/avrxmega3\libgcc.a(_copy_data.o)
 .bss           0x00000000        0x0 c:/program files (x86)/atmel/studio/7.0/toolchain/avr8/avr8-gnu-toolchain/bin/../lib/gcc/avr/5.4.0/avrxmega3\libgcc.a(_copy_data.o)
 .text.libgcc.mul
                0x00000000        0x0 c:/program files (x86)/atmel/studio/7.0/toolchain/avr8/avr8-gnu-toolchain/bin/../lib/gcc/avr/5.4.0/avrxmega3\libgcc.a(_copy_data.o)
 .text.libgcc.div
                0x00000000        0x0 c:/program files (x86)/atmel/studio/7.0/toolchain/avr8/avr8-gnu-toolchain/bin/../lib/gcc/avr/5.4.0/avrxmega3\libgcc.a(_copy_data.o)
 .text.libgcc   0x00000000        0x0 c:/program files (x86)/atmel/studio/7.0/toolchain/avr8/avr8-gnu-toolchain/bin/../lib/gcc/avr/5.4.0/avrxmega3\libgcc.a(_copy_data.o)
 .text.libgcc.prologue
                0x00000000        0x0 c:/program files (x86)/atmel/studio/7.0/toolchain/avr8/avr8-gnu-toolchain/bin/../lib/gcc/avr/5.4.0/avrxmega3\libgcc.a(_copy_data.o)
 .text.libgcc.builtins
                0x00000000        0x0 c:/program files (x86)/atmel/studio/7.0/toolchain/avr8/avr8-gnu-toolchain/bin/../lib/gcc/avr/5.4.0/avrxmega3\libgcc.a(_copy_data.o)
 .text.libgcc.fmul
                0x00000000        0x0 c:/program files (x86)/atmel/studio/7.0/toolchain/avr8/avr8-gnu-toolchain/bin/../lib/gcc/avr/5.4.0/avrxmega3\libgcc.a(_copy_data.o)
 .text.libgcc.fixed
                0x00000000        0x0 c:/program files (x86)/atmel/studio/7.0/toolchain/avr8/avr8-gnu-toolchain/bin/../lib/gcc/avr/5.4.0/avrxmega3\libgcc.a(_copy_data.o)
 .text          0x00000000        0x0 c:/program files (x86)/atmel/studio/7.0/toolchain/avr8/avr8-gnu-toolchain/bin/../lib/gcc/avr/5.4.0/avrxmega3\libgcc.a(_clear_bss.o)
 .data          0x00000000        0x0 c:/program files (x86)/atmel/studio/7.0/toolchain/avr8/avr8-gnu-toolchain/bin/../lib/gcc/avr/5.4.0/avrxmega3\libgcc.a(_clear_bss.o)
 .bss           0x00000000        0x0 c:/program files (x86)/atmel/studio/7.0/toolchain/avr8/avr8-gnu-toolchain/bin/../lib/gcc/avr/5.4.0/avrxmega3\libgcc.a(_clear_bss.o)
 .text.libgcc.mul
                0x00000000        0x0 c:/program files (x86)/atmel/studio/7.0/toolchain/avr8/avr8-gnu-toolchain/bin/../lib/gcc/avr/5.4.0/avrxmega3\libgcc.a(_clear_bss.o)
 .text.libgcc.div
                0x00000000        0x0 c:/program files (x86)/atmel/studio/7.0/toolchain/avr8/avr8-gnu-toolchain/bin/../lib/gcc/avr/5.4.0/avrxmega3\libgcc.a(_clear_bss.o)
 .text.libgcc   0x00000000        0x0 c:/program files (x86)/atmel/studio/7.0/toolchain/avr8/avr8-gnu-toolchain/bin/../lib/gcc/avr/5.4.0/avrxmega3\libgcc.a(_clear_bss.o)
 .text.libgcc.prologue
                0x00000000        0x0 c:/program files (x86)/atmel/studio/7.0/toolchain/avr8/avr8-gnu-toolchain/bin/../lib/gcc/avr/5.4.0/avrxmega3\libgcc.a(_clear_bss.o)
 .text.libgcc.builtins
                0x00000000        0x0 c:/program files (x86)/atmel/studio/7.0/toolchain/avr8/avr8-gnu-toolchain/bin/../lib/gcc/avr/5.4.0/avrxmega3\libgcc.a(_clear_bss.o)
 .text.libgcc.fmul
                0x00000000        0x0 c:/program files (x86)/atmel/studio/7.0/toolchain/avr8/avr8-gnu-toolchain/bin/../lib/gcc/avr/5.4.0/avrxmega3\libgcc.a(_clear_bss.o)
 .text.libgcc.fixed
                0x00000000        0x0 c:/program files (x86)/atmel/studio/7.0/toolchain/avr8/avr8-gnu-toolchain/bin/../lib/gcc/avr/5.4.0/avrxmega3\libgcc.a(_clear_bss.o)
 .text          0x00000000        0x0 c:/program files (x86)/atmel/studio/7.0/toolchain/avr8/avr8-gnu-toolchain/bin/../lib/gcc/avr/5.4.0/../../../../avr/lib/avrxmega3\libc.a(strncmp.o)
 .data          0x00000000        0x0 c:/program files (x86)/atmel/studio/7.0/toolchain/avr8/avr8-gnu-toolchain/bin/../lib/gcc/avr/5.4.0/../../../../avr/lib/avrxmega3\libc.a(strncmp.o)
 .bss           0x00000000        0x0 c:/program files (x86)/atmel/studio/7.0/toolchain/avr8/avr8-gnu-toolchain/bin/../lib/gcc/avr/5.4.0/../../../../avr/lib/avrxmega3\libc.a(strncmp.o)
 .text.avr-libc
                0x00000000       0x1c c:/program files (x86)/atmel/studio/7.0/toolchain/avr8/avr8-gnu-toolchain/bin/../lib/gcc/avr/5.4.0/../../../../avr/lib/avrxmega3\libc.a(strncmp.o)
 .text          0x00000000        0x0 c:/program files (x86)/atmel/studio/7.0/toolchain/avr8/avr8-gnu-toolchain/bin/../lib/gcc/avr/5.4.0/../../../../avr/lib/avrxmega3\libc.a(printf.o)
 .data          0x00000000        0x0 c:/program files (x86)/atmel/studio/7.0/toolchain/avr8/avr8-gnu-toolchain/bin/../lib/gcc/avr/5.4.0/../../../../avr/lib/avrxmega3\libc.a(printf.o)
 .bss           0x00000000        0x0 c:/program files (x86)/atmel/studio/7.0/toolchain/avr8/avr8-gnu-toolchain/bin/../lib/gcc/avr/5.4.0/../../../../avr/lib/avrxmega3\libc.a(printf.o)
 .text.avr-libc
                0x00000000       0x2c c:/program files (x86)/atmel/studio/7.0/toolchain/avr8/avr8-gnu-toolchain/bin/../lib/gcc/avr/5.4.0/../../../../avr/lib/avrxmega3\libc.a(printf.o)
 .comment       0x00000000       0x31 c:/program files (x86)/atmel/studio/7.0/toolchain/avr8/avr8-gnu-toolchain/bin/../lib/gcc/avr/5.4.0/../../../../avr/lib/avrxmega3\libc.a(printf.o)
 .text          0x00000000        0x0 c:/program files (x86)/atmel/studio/7.0/toolchain/avr8/avr8-gnu-toolchain/bin/../lib/gcc/avr/5.4.0/../../../../avr/lib/avrxmega3\libc.a(vfprintf_std.o)
 .data          0x00000000        0x0 c:/program files (x86)/atmel/studio/7.0/toolchain/avr8/avr8-gnu-toolchain/bin/../lib/gcc/avr/5.4.0/../../../../avr/lib/avrxmega3\libc.a(vfprintf_std.o)
 .bss           0x00000000        0x0 c:/program files (x86)/atmel/studio/7.0/toolchain/avr8/avr8-gnu-toolchain/bin/../lib/gcc/avr/5.4.0/../../../../avr/lib/avrxmega3\libc.a(vfprintf_std.o)
 .text.avr-libc
                0x00000000      0x3c2 c:/program files (x86)/atmel/studio/7.0/toolchain/avr8/avr8-gnu-toolchain/bin/../lib/gcc/avr/5.4.0/../../../../avr/lib/avrxmega3\libc.a(vfprintf_std.o)
 .comment       0x00000000       0x2d c:/program files (x86)/atmel/studio/7.0/toolchain/avr8/avr8-gnu-toolchain/bin/../lib/gcc/avr/5.4.0/../../../../avr/lib/avrxmega3\libc.a(vfprintf_std.o)
 .text          0x00000000        0x0 c:/program files (x86)/atmel/studio/7.0/toolchain/avr8/avr8-gnu-toolchain/bin/../lib/gcc/avr/5.4.0/../../../../avr/lib/avrxmega3\libc.a(strnlen_P.o)
 .data          0x00000000        0x0 c:/program files (x86)/atmel/studio/7.0/toolchain/avr8/avr8-gnu-toolchain/bin/../lib/gcc/avr/5.4.0/../../../../avr/lib/avrxmega3\libc.a(strnlen_P.o)
 .bss           0x00000000        0x0 c:/program files (x86)/atmel/studio/7.0/toolchain/avr8/avr8-gnu-toolchain/bin/../lib/gcc/avr/5.4.0/../../../../avr/lib/avrxmega3\libc.a(strnlen_P.o)
 .text.avr-libc
                0x00000000       0x16 c:/program files (x86)/atmel/studio/7.0/toolchain/avr8/avr8-gnu-toolchain/bin/../lib/gcc/avr/5.4.0/../../../../avr/lib/avrxmega3\libc.a(strnlen_P.o)
 .text          0x00000000        0x0 c:/program files (x86)/atmel/studio/7.0/toolchain/avr8/avr8-gnu-toolchain/bin/../lib/gcc/avr/5.4.0/../../../../avr/lib/avrxmega3\libc.a(strnlen.o)
 .data          0x00000000        0x0 c:/program files (x86)/atmel/studio/7.0/toolchain/avr8/avr8-gnu-toolchain/bin/../lib/gcc/avr/5.4.0/../../../../avr/lib/avrxmega3\libc.a(strnlen.o)
 .bss           0x00000000        0x0 c:/program files (x86)/atmel/studio/7.0/toolchain/avr8/avr8-gnu-toolchain/bin/../lib/gcc/avr/5.4.0/../../../../avr/lib/avrxmega3\libc.a(strnlen.o)
 .text.avr-libc
                0x00000000       0x16 c:/program files (x86)/atmel/studio/7.0/toolchain/avr8/avr8-gnu-toolchain/bin/../lib/gcc/avr/5.4.0/../../../../avr/lib/avrxmega3\libc.a(strnlen.o)
 .text          0x00000000        0x0 c:/program files (x86)/atmel/studio/7.0/toolchain/avr8/avr8-gnu-toolchain/bin/../lib/gcc/avr/5.4.0/../../../../avr/lib/avrxmega3\libc.a(fputc.o)
 .data          0x00000000        0x0 c:/program files (x86)/atmel/studio/7.0/toolchain/avr8/avr8-gnu-toolchain/bin/../lib/gcc/avr/5.4.0/../../../../avr/lib/avrxmega3\libc.a(fputc.o)
 .bss           0x00000000        0x0 c:/program files (x86)/atmel/studio/7.0/toolchain/avr8/avr8-gnu-toolchain/bin/../lib/gcc/avr/5.4.0/../../../../avr/lib/avrxmega3\libc.a(fputc.o)
 .text.avr-libc
                0x00000000       0x78 c:/program files (x86)/atmel/studio/7.0/toolchain/avr8/avr8-gnu-toolchain/bin/../lib/gcc/avr/5.4.0/../../../../avr/lib/avrxmega3\libc.a(fputc.o)
 .comment       0x00000000       0x31 c:/program files (x86)/atmel/studio/7.0/toolchain/avr8/avr8-gnu-toolchain/bin/../lib/gcc/avr/5.4.0/../../../../avr/lib/avrxmega3\libc.a(fputc.o)
 .text          0x00000000        0x0 c:/program files (x86)/atmel/studio/7.0/toolchain/avr8/avr8-gnu-toolchain/bin/../lib/gcc/avr/5.4.0/../../../../avr/lib/avrxmega3\libc.a(iob.o)
 .data          0x00000000        0x0 c:/program files (x86)/atmel/studio/7.0/toolchain/avr8/avr8-gnu-toolchain/bin/../lib/gcc/avr/5.4.0/../../../../avr/lib/avrxmega3\libc.a(iob.o)
 .bss           0x00000000        0x0 c:/program files (x86)/atmel/studio/7.0/toolchain/avr8/avr8-gnu-toolchain/bin/../lib/gcc/avr/5.4.0/../../../../avr/lib/avrxmega3\libc.a(iob.o)
 .comment       0x00000000       0x31 c:/program files (x86)/atmel/studio/7.0/toolchain/avr8/avr8-gnu-toolchain/bin/../lib/gcc/avr/5.4.0/../../../../avr/lib/avrxmega3\libc.a(iob.o)
 COMMON         0x00000000        0x6 c:/program files (x86)/atmel/studio/7.0/toolchain/avr8/avr8-gnu-toolchain/bin/../lib/gcc/avr/5.4.0/../../../../avr/lib/avrxmega3\libc.a(iob.o)
 .text          0x00000000        0x0 c:/program files (x86)/atmel/studio/7.0/toolchain/avr8/avr8-gnu-toolchain/bin/../lib/gcc/avr/5.4.0/../../../../avr/lib/avrxmega3\libc.a(ultoa_invert.o)
 .data          0x00000000        0x0 c:/program files (x86)/atmel/studio/7.0/toolchain/avr8/avr8-gnu-toolchain/bin/../lib/gcc/avr/5.4.0/../../../../avr/lib/avrxmega3\libc.a(ultoa_invert.o)
 .bss           0x00000000        0x0 c:/program files (x86)/atmel/studio/7.0/toolchain/avr8/avr8-gnu-toolchain/bin/../lib/gcc/avr/5.4.0/../../../../avr/lib/avrxmega3\libc.a(ultoa_invert.o)
 .text.avr-libc
                0x00000000       0xbc c:/program files (x86)/atmel/studio/7.0/toolchain/avr8/avr8-gnu-toolchain/bin/../lib/gcc/avr/5.4.0/../../../../avr/lib/avrxmega3\libc.a(ultoa_invert.o)
 .text          0x00000000        0x0 c:/program files (x86)/atmel/studio/7.0/toolchain/avr8/avr8-gnu-toolchain/bin/../lib/gcc/avr/5.4.0/avrxmega3\libgcc.a(_prologue.o)
 .data          0x00000000        0x0 c:/program files (x86)/atmel/studio/7.0/toolchain/avr8/avr8-gnu-toolchain/bin/../lib/gcc/avr/5.4.0/avrxmega3\libgcc.a(_prologue.o)
 .bss           0x00000000        0x0 c:/program files (x86)/atmel/studio/7.0/toolchain/avr8/avr8-gnu-toolchain/bin/../lib/gcc/avr/5.4.0/avrxmega3\libgcc.a(_prologue.o)
 .text.libgcc.mul
                0x00000000        0x0 c:/program files (x86)/atmel/studio/7.0/toolchain/avr8/avr8-gnu-toolchain/bin/../lib/gcc/avr/5.4.0/avrxmega3\libgcc.a(_prologue.o)
 .text.libgcc.div
                0x00000000        0x0 c:/program files (x86)/atmel/studio/7.0/toolchain/avr8/avr8-gnu-toolchain/bin/../lib/gcc/avr/5.4.0/avrxmega3\libgcc.a(_prologue.o)
 .text.libgcc   0x00000000        0x0 c:/program files (x86)/atmel/studio/7.0/toolchain/avr8/avr8-gnu-toolchain/bin/../lib/gcc/avr/5.4.0/avrxmega3\libgcc.a(_prologue.o)
 .text.libgcc.prologue
                0x00000000       0x32 c:/program files (x86)/atmel/studio/7.0/toolchain/avr8/avr8-gnu-toolchain/bin/../lib/gcc/avr/5.4.0/avrxmega3\libgcc.a(_prologue.o)
 .text.libgcc.builtins
                0x00000000        0x0 c:/program files (x86)/atmel/studio/7.0/toolchain/avr8/avr8-gnu-toolchain/bin/../lib/gcc/avr/5.4.0/avrxmega3\libgcc.a(_prologue.o)
 .text.libgcc.fmul
                0x00000000        0x0 c:/program files (x86)/atmel/studio/7.0/toolchain/avr8/avr8-gnu-toolchain/bin/../lib/gcc/avr/5.4.0/avrxmega3\libgcc.a(_prologue.o)
 .text.libgcc.fixed
                0x00000000        0x0 c:/program files (x86)/atmel/studio/7.0/toolchain/avr8/avr8-gnu-toolchain/bin/../lib/gcc/avr/5.4.0/avrxmega3\libgcc.a(_prologue.o)
 .text          0x00000000        0x0 c:/program files (x86)/atmel/studio/7.0/toolchain/avr8/avr8-gnu-toolchain/bin/../lib/gcc/avr/5.4.0/avrxmega3\libgcc.a(_epilogue.o)
 .data          0x00000000        0x0 c:/program files (x86)/atmel/studio/7.0/toolchain/avr8/avr8-gnu-toolchain/bin/../lib/gcc/avr/5.4.0/avrxmega3\libgcc.a(_epilogue.o)
 .bss           0x00000000        0x0 c:/program files (x86)/atmel/studio/7.0/toolchain/avr8/avr8-gnu-toolchain/bin/../lib/gcc/avr/5.4.0/avrxmega3\libgcc.a(_epilogue.o)
 .text.libgcc.mul
                0x00000000        0x0 c:/program files (x86)/atmel/studio/7.0/toolchain/avr8/avr8-gnu-toolchain/bin/../lib/gcc/avr/5.4.0/avrxmega3\libgcc.a(_epilogue.o)
 .text.libgcc.div
                0x00000000        0x0 c:/program files (x86)/atmel/studio/7.0/toolchain/avr8/avr8-gnu-toolchain/bin/../lib/gcc/avr/5.4.0/avrxmega3\libgcc.a(_epilogue.o)
 .text.libgcc   0x00000000        0x0 c:/program files (x86)/atmel/studio/7.0/toolchain/avr8/avr8-gnu-toolchain/bin/../lib/gcc/avr/5.4.0/avrxmega3\libgcc.a(_epilogue.o)
 .text.libgcc.prologue
                0x00000000       0x30 c:/program files (x86)/atmel/studio/7.0/toolchain/avr8/avr8-gnu-toolchain/bin/../lib/gcc/avr/5.4.0/avrxmega3\libgcc.a(_epilogue.o)
 .text.libgcc.builtins
                0x00000000        0x0 c:/program files (x86)/atmel/studio/7.0/toolchain/avr8/avr8-gnu-toolchain/bin/../lib/gcc/avr/5.4.0/avrxmega3\libgcc.a(_epilogue.o)
 .text.libgcc.fmul
                0x00000000        0x0 c:/program files (x86)/atmel/studio/7.0/toolchain/avr8/avr8-gnu-toolchain/bin/../lib/gcc/avr/5.4.0/avrxmega3\libgcc.a(_epilogue.o)
 .text.libgcc.fixed
                0x00000000        0x0 c:/program files (x86)/atmel/studio/7.0/toolchain/avr8/avr8-gnu-toolchain/bin/../lib/gcc/avr/5.4.0/avrxmega3\libgcc.a(_epilogue.o)

Memory Configuration

Name             Origin             Length             Attributes
text             0x00000000         0x00008000         xr
data             0x00807000         0x00001000         rw !x
eeprom           0x00810000         0x00000200         rw !x
fuse             0x00820000         0x00000010         rw !x
lock             0x00830000         0x00000400         rw !x
signature        0x00840000         0x00000400         rw !x
user_signatures  0x00850000         0x00000400         rw !x
*default*        0x00000000         0xffffffff

Linker script and memory map

Address of section .data set to 0x807000
                0x00008000                __RODATA_PM_OFFSET__ = 0x8000
LOAD C:/Program Files (x86)/Atmel/Studio/7.0/Packs/Atmel/AVR-Dx_DFP/1.8.95/gcc/dev/avr32da32/avrxmega3/crtavr32da32.o
LOAD atmel_start.o
LOAD driver_isr.o
LOAD examples/src/i2c_master_example.o
LOAD examples/src/timeout_example.o
LOAD examples/src/usart_basic_example.o
LOAD main.o
LOAD SpecialLibraries/SHT31.o
LOAD src/bod.o
LOAD src/clkctrl.o
LOAD src/cpuint.o
LOAD src/driver_init.o
LOAD src/i2c_master.o
LOAD src/i2c_simple_master.o
LOAD src/i2c_types.o
LOAD src/protected_io.o
LOAD src/slpctrl.o
LOAD src/timeout.o
LOAD src/usart_basic.o
START GROUP
LOAD c:/program files (x86)/atmel/studio/7.0/toolchain/avr8/avr8-gnu-toolchain/bin/../lib/gcc/avr/5.4.0/../../../../avr/lib/avrxmega3\libm.a
END GROUP
START GROUP
LOAD c:/program files (x86)/atmel/studio/7.0/toolchain/avr8/avr8-gnu-toolchain/bin/../lib/gcc/avr/5.4.0/avrxmega3\libgcc.a
LOAD c:/program files (x86)/atmel/studio/7.0/toolchain/avr8/avr8-gnu-toolchain/bin/../lib/gcc/avr/5.4.0/../../../../avr/lib/avrxmega3\libm.a
LOAD c:/program files (x86)/atmel/studio/7.0/toolchain/avr8/avr8-gnu-toolchain/bin/../lib/gcc/avr/5.4.0/../../../../avr/lib/avrxmega3\libc.a
LOAD C:/Program Files (x86)/Atmel/Studio/7.0/Packs/Atmel/AVR-Dx_DFP/1.8.95/gcc/dev/avr32da32/avrxmega3\libavr32da32.a
END GROUP
                [0x00000000]                __TEXT_REGION_ORIGIN__ = DEFINED (__TEXT_REGION_ORIGIN__)?__TEXT_REGION_ORIGIN__:0x0
                [0x00807000]                __DATA_REGION_ORIGIN__ = DEFINED (__DATA_REGION_ORIGIN__)?__DATA_REGION_ORIGIN__:0x802000
                [0x00008000]                __TEXT_REGION_LENGTH__ = DEFINED (__TEXT_REGION_LENGTH__)?__TEXT_REGION_LENGTH__:0x100000
                [0x00001000]                __DATA_REGION_LENGTH__ = DEFINED (__DATA_REGION_LENGTH__)?__DATA_REGION_LENGTH__:0xffa0
                [0x00000200]                __EEPROM_REGION_LENGTH__ = DEFINED (__EEPROM_REGION_LENGTH__)?__EEPROM_REGION_LENGTH__:0x10000
                [0x00000010]                __FUSE_REGION_LENGTH__ = DEFINED (__FUSE_REGION_LENGTH__)?__FUSE_REGION_LENGTH__:0x400
                0x00000400                __LOCK_REGION_LENGTH__ = DEFINED (__LOCK_REGION_LENGTH__)?__LOCK_REGION_LENGTH__:0x400
                0x00000400                __SIGNATURE_REGION_LENGTH__ = DEFINED (__SIGNATURE_REGION_LENGTH__)?__SIGNATURE_REGION_LENGTH__:0x400
                0x00000400                __USER_SIGNATURE_REGION_LENGTH__ = DEFINED (__USER_SIGNATURE_REGION_LENGTH__)?__USER_SIGNATURE_REGION_LENGTH__:0x400
                0x00008000                __RODATA_PM_OFFSET__ = DEFINED (__RODATA_PM_OFFSET__)?__RODATA_PM_OFFSET__:0x8000

.hash
 *(.hash)

.dynsym
 *(.dynsym)

.dynstr
 *(.dynstr)

.gnu.version
 *(.gnu.version)

.gnu.version_d
 *(.gnu.version_d)

.gnu.version_r
 *(.gnu.version_r)

.rel.init
 *(.rel.init)

.rela.init
 *(.rela.init)

.rel.text
 *(.rel.text)
 *(.rel.text.*)
 *(.rel.gnu.linkonce.t*)

.rela.text
 *(.rela.text)
 *(.rela.text.*)
 *(.rela.gnu.linkonce.t*)

.rel.fini
 *(.rel.fini)

.rela.fini
 *(.rela.fini)

.rel.rodata
 *(.rel.rodata)
 *(.rel.rodata.*)
 *(.rel.gnu.linkonce.r*)

.rela.rodata
 *(.rela.rodata)
 *(.rela.rodata.*)
 *(.rela.gnu.linkonce.r*)

.rel.data
 *(.rel.data)
 *(.rel.data.*)
 *(.rel.gnu.linkonce.d*)

.rela.data
 *(.rela.data)
 *(.rela.data.*)
 *(.rela.gnu.linkonce.d*)

.rel.ctors
 *(.rel.ctors)

.rela.ctors
 *(.rela.ctors)

.rel.dtors
 *(.rel.dtors)

.rela.dtors
 *(.rela.dtors)

.rel.got
 *(.rel.got)

.rela.got
 *(.rela.got)

.rel.bss
 *(.rel.bss)

.rela.bss
 *(.rela.bss)

.rel.plt
 *(.rel.plt)

.rela.plt
 *(.rela.plt)

.text           0x00000000      0x856
 *(.vectors)
 .vectors       0x00000000       0xb0 C:/Program Files (x86)/Atmel/Studio/7.0/Packs/Atmel/AVR-Dx_DFP/1.8.95/gcc/dev/avr32da32/avrxmega3/crtavr32da32.o
                0x00000000                __vector_default
                0x00000000                __vectors
 *(.vectors)
 *(.progmem.gcc*)
                0x000000b0                . = ALIGN (0x2)
                0x000000b0                __trampolines_start = .
 *(.trampolines)
 .trampolines   0x000000b0        0x0 linker stubs
 *(.trampolines*)
                0x000000b0                __trampolines_end = .
 *libprintf_flt.a:*(.progmem.data)
 *libc.a:*(.progmem.data)
 *(.progmem*)
                0x000000b0                . = ALIGN (0x2)
 *(.jumptables)
 *(.jumptables*)
 *(.lowtext)
 *(.lowtext*)
                0x000000b0                __ctors_start = .
 *(.ctors)
                0x000000b0                __ctors_end = .
                0x000000b0                __dtors_start = .
 *(.dtors)
                0x000000b0                __dtors_end = .
 SORT(*)(.ctors)
 SORT(*)(.dtors)
 *(.init0)
 .init0         0x000000b0        0x0 C:/Program Files (x86)/Atmel/Studio/7.0/Packs/Atmel/AVR-Dx_DFP/1.8.95/gcc/dev/avr32da32/avrxmega3/crtavr32da32.o
                0x000000b0                __init
 *(.init0)
 *(.init1)
 *(.init1)
 *(.init2)
 .init2         0x000000b0        0xc C:/Program Files (x86)/Atmel/Studio/7.0/Packs/Atmel/AVR-Dx_DFP/1.8.95/gcc/dev/avr32da32/avrxmega3/crtavr32da32.o
 *(.init2)
 *(.init3)
 *(.init3)
 *(.init4)
 .init4         0x000000bc       0x16 c:/program files (x86)/atmel/studio/7.0/toolchain/avr8/avr8-gnu-toolchain/bin/../lib/gcc/avr/5.4.0/avrxmega3\libgcc.a(_copy_data.o)
                0x000000bc                __do_copy_data
 .init4         0x000000d2       0x10 c:/program files (x86)/atmel/studio/7.0/toolchain/avr8/avr8-gnu-toolchain/bin/../lib/gcc/avr/5.4.0/avrxmega3\libgcc.a(_clear_bss.o)
                0x000000d2                __do_clear_bss
 *(.init4)
 *(.init5)
 *(.init5)
 *(.init6)
 *(.init6)
 *(.init7)
 *(.init7)
 *(.init8)
 *(.init8)
 *(.init9)
 .init9         0x000000e2        0x8 C:/Program Files (x86)/Atmel/Studio/7.0/Packs/Atmel/AVR-Dx_DFP/1.8.95/gcc/dev/avr32da32/avrxmega3/crtavr32da32.o
 *(.init9)
 *(.text)
 .text          0x000000ea        0x4 C:/Program Files (x86)/Atmel/Studio/7.0/Packs/Atmel/AVR-Dx_DFP/1.8.95/gcc/dev/avr32da32/avrxmega3/crtavr32da32.o
                0x000000ea                __vector_38
                0x000000ea                __vector_22
                0x000000ea                __vector_28
                0x000000ea                __vector_1
                0x000000ea                __vector_32
                0x000000ea                __vector_34
                0x000000ea                __vector_24
                0x000000ea                __vector_12
                0x000000ea                __bad_interrupt
                0x000000ea                __vector_6
                0x000000ea                __vector_31
                0x000000ea                __vector_35
                0x000000ea                __vector_39
                0x000000ea                __vector_23
                0x000000ea                __vector_30
                0x000000ea                __vector_25
                0x000000ea                __vector_11
                0x000000ea                __vector_13
                0x000000ea                __vector_19
                0x000000ea                __vector_7
                0x000000ea                __vector_41
                0x000000ea                __vector_43
                0x000000ea                __vector_27
                0x000000ea                __vector_5
                0x000000ea                __vector_33
                0x000000ea                __vector_37
                0x000000ea                __vector_4
                0x000000ea                __vector_9
                0x000000ea                __vector_2
                0x000000ea                __vector_21
                0x000000ea                __vector_15
                0x000000ea                __vector_36
                0x000000ea                __vector_29
                0x000000ea                __vector_40
                0x000000ea                __vector_8
                0x000000ea                __vector_26
                0x000000ea                __vector_14
                0x000000ea                __vector_10
                0x000000ea                __vector_16
                0x000000ea                __vector_18
                0x000000ea                __vector_20
                0x000000ea                __vector_42
                0x000000ee                . = ALIGN (0x2)
 *(.text.*)
 .text.atmel_start_init
                0x000000ee        0x6 atmel_start.o
                0x000000ee                atmel_start_init
 .text.main     0x000000f4        0x6 main.o
                0x000000f4                main
 .text.BOD_init
                0x000000fa        0x8 src/bod.o
                0x000000fa                BOD_init
 .text.CLKCTRL_init
                0x00000102        0x4 src/clkctrl.o
                0x00000102                CLKCTRL_init
 .text.CPUINT_init
                0x00000106        0x4 src/cpuint.o
                0x00000106                CPUINT_init
 .text.mcu_init
                0x0000010a       0x62 src/driver_init.o
                0x0000010a                mcu_init
 .text.USART_1_initialization
                0x0000016c       0x22 src/driver_init.o
                0x0000016c                USART_1_initialization
 .text.USART_2_initialization
                0x0000018e       0x22 src/driver_init.o
                0x0000018e                USART_2_initialization
 .text.I2C_0_initialization
                0x000001b0       0x4a src/driver_init.o
                0x000001b0                I2C_0_initialization
 .text.system_init
                0x000001fa       0x56 src/driver_init.o
                0x000001fa                system_init
 .text.I2C_0_do_I2C_RESET
                0x00000250       0x20 src/i2c_master.o
 .text.I2C_0_do_I2C_IDLE
                0x00000270       0x10 src/i2c_master.o
 .text.I2C_0_do_I2C_SEND_STOP
                0x00000280       0x10 src/i2c_master.o
 .text.I2C_0_do_I2C_SEND_ADR_READ
                0x00000290       0x1c src/i2c_master.o
 .text.I2C_0_do_I2C_SEND_RESTART
                0x000002ac        0x6 src/i2c_master.o
 .text.I2C_0_do_I2C_SEND_RESTART_READ
                0x000002b2        0x6 src/i2c_master.o
 .text.I2C_0_do_I2C_SEND_ADR_WRITE
                0x000002b8       0x16 src/i2c_master.o
 .text.I2C_0_do_I2C_SEND_RESTART_WRITE
                0x000002ce        0x6 src/i2c_master.o
 .text.I2C_0_do_I2C_DO_ADDRESS_NACK
                0x000002d4       0x40 src/i2c_master.o
 .text.I2C_0_do_I2C_RX_DO_ACK
                0x00000314        0xe src/i2c_master.o
 .text.I2C_0_do_I2C_TX_DO_ACK
                0x00000322        0xe src/i2c_master.o
 .text.I2C_0_do_I2C_DO_NACK_STOP
                0x00000330       0x16 src/i2c_master.o
 .text.I2C_0_do_I2C_DO_NACK_RESTART
                0x00000346        0xe src/i2c_master.o
 .text.I2C_0_do_I2C_TX
                0x00000354       0x6c src/i2c_master.o
 .text.I2C_0_do_I2C_RX
                0x000003c0       0xba src/i2c_master.o
 .text.I2C_0_do_I2C_TX_EMPTY
                0x0000047a       0x7a src/i2c_master.o
 .text.I2C_0_do_I2C_BUS_COLLISION
                0x000004f4       0x44 src/i2c_master.o
 .text.I2C_0_do_I2C_BUS_ERROR
                0x00000538       0x22 src/i2c_master.o
 .text.I2C_0_master_isr
                0x0000055a       0x60 src/i2c_master.o
 .text.I2C_0_init
                0x000005ba        0xe src/i2c_master.o
                0x000005ba                I2C_0_init
 .text.__vector_17
                0x000005c8       0x48 src/i2c_master.o
                0x000005c8                __vector_17
 .text.SLPCTRL_init
                0x00000610        0x4 src/slpctrl.o
                0x00000610                SLPCTRL_init
 .text.TIMER_0_dummy_handler
                0x00000614        0x8 src/timeout.o
                0x00000614                TIMER_0_dummy_handler
 .text.TIMER_0_timeout_init
                0x0000061c       0x16 src/timeout.o
                0x0000061c                TIMER_0_timeout_init
 .text.TIMER_0_stop_timeouts
                0x00000632       0x30 src/timeout.o
                0x00000632                TIMER_0_stop_timeouts
 .text.TIMER_0_start_timer_at_head
                0x00000662       0xf4 src/timeout.o
                0x00000662                TIMER_0_start_timer_at_head
 .text.__vector_3
                0x00000756       0xd4 src/timeout.o
                0x00000756                __vector_3
 .text.USART_1_init
                0x0000082a       0x14 src/usart_basic.o
                0x0000082a                USART_1_init
 .text.USART_2_init
                0x0000083e       0x14 src/usart_basic.o
                0x0000083e                USART_2_init
                0x00000852                . = ALIGN (0x2)
 *(.fini9)
 .fini9         0x00000852        0x0 c:/program files (x86)/atmel/studio/7.0/toolchain/avr8/avr8-gnu-toolchain/bin/../lib/gcc/avr/5.4.0/avrxmega3\libgcc.a(_exit.o)
                0x00000852                _exit
                0x00000852                exit
 *(.fini9)
 *(.fini8)
 *(.fini8)
 *(.fini7)
 *(.fini7)
 *(.fini6)
 *(.fini6)
 *(.fini5)
 *(.fini5)
 *(.fini4)
 *(.fini4)
 *(.fini3)
 *(.fini3)
 *(.fini2)
 *(.fini2)
 *(.fini1)
 *(.fini1)
 *(.fini0)
 .fini0         0x00000852        0x4 c:/program files (x86)/atmel/studio/7.0/toolchain/avr8/avr8-gnu-toolchain/bin/../lib/gcc/avr/5.4.0/avrxmega3\libgcc.a(_exit.o)
 *(.fini0)
                0x00000856                _etext = .

.rodata
 *(.rodata)
 *(.rodata*)
 *(.gnu.linkonce.r*)

.data           0x00807000       0x2e load address 0x00000856
                0x00807000                PROVIDE (__data_start, .)
 *(.data)
 *(.data*)
 .data.I2C_0_fsmStateTable
                0x00807000       0x24 src/i2c_master.o
                0x00807000                I2C_0_fsmStateTable
 .data.TIMER_0_dummy_exec
                0x00807024        0xa src/timeout.o
                0x00807024                TIMER_0_dummy_exec
 *(.gnu.linkonce.d*)
                0x0080702e                . = ALIGN (0x2)
                0x0080702e                _edata = .
                0x0080702e                PROVIDE (__data_end, .)

.bss            0x0080702e       0x3b
                0x0080702e                PROVIDE (__bss_start, .)
 *(.bss)
 *(.bss*)
 .bss.I2C_0_status
                0x0080702e       0x24 src/i2c_master.o
                0x0080702e                I2C_0_status
 .bss.TIMER_0_is_running
                0x00807052        0x1 src/timeout.o
                0x00807052                TIMER_0_is_running
 .bss.TIMER_0_last_timer_load
                0x00807053        0x4 src/timeout.o
                0x00807053                TIMER_0_last_timer_load
 .bss.TIMER_0_absolute_time_of_last_timeout
                0x00807057        0x4 src/timeout.o
                0x00807057                TIMER_0_absolute_time_of_last_timeout
 .bss.TIMER_0_execute_queue_head
                0x0080705b        0x2 src/timeout.o
                0x0080705b                TIMER_0_execute_queue_head
 .bss.TIMER_0_list_head
                0x0080705d        0x2 src/timeout.o
                0x0080705d                TIMER_0_list_head
 *(COMMON)
 COMMON         0x0080705f        0xa src/timeout.o
                0x0080705f                TIMER_0_dummy
                0x00807069                PROVIDE (__bss_end, .)
                0x00000856                __data_load_start = LOADADDR (.data)
                0x00000884                __data_load_end = (__data_load_start + SIZEOF (.data))

.noinit         0x00807069        0x0
                [!provide]                PROVIDE (__noinit_start, .)
 *(.noinit*)
                [!provide]                PROVIDE (__noinit_end, .)
                0x00807069                _end = .
                [!provide]                PROVIDE (__heap_start, .)

.eeprom         0x00810000        0x0
 *(.eeprom*)
                0x00810000                __eeprom_end = .

.fuse
 *(.fuse)
 *(.lfuse)
 *(.hfuse)
 *(.efuse)

.lock
 *(.lock*)

.signature
 *(.signature*)

.user_signatures
 *(.user_signatures*)

.stab
 *(.stab)

.stabstr
 *(.stabstr)

.stab.excl
 *(.stab.excl)

.stab.exclstr
 *(.stab.exclstr)

.stab.index
 *(.stab.index)

.stab.indexstr
 *(.stab.indexstr)

.comment        0x00000000       0x30
 *(.comment)
 .comment       0x00000000       0x30 atmel_start.o
                                 0x31 (size before relaxing)
 .comment       0x00000030       0x31 main.o
 .comment       0x00000030       0x31 src/bod.o
 .comment       0x00000030       0x31 src/clkctrl.o
 .comment       0x00000030       0x31 src/cpuint.o
 .comment       0x00000030       0x31 src/driver_init.o
 .comment       0x00000030       0x31 src/i2c_master.o
 .comment       0x00000030       0x31 src/slpctrl.o
 .comment       0x00000030       0x31 src/timeout.o
 .comment       0x00000030       0x31 src/usart_basic.o

.note.gnu.avr.deviceinfo
                0x00000000       0x3c
 .note.gnu.avr.deviceinfo
                0x00000000       0x3c C:/Program Files (x86)/Atmel/Studio/7.0/Packs/Atmel/AVR-Dx_DFP/1.8.95/gcc/dev/avr32da32/avrxmega3/crtavr32da32.o

.note.gnu.build-id
 *(.note.gnu.build-id)

.debug
 *(.debug)

.line
 *(.line)

.debug_srcinfo
 *(.debug_srcinfo)

.debug_sfnames
 *(.debug_sfnames)

.debug_aranges  0x00000000      0x3b8
 *(.debug_aranges)
 .debug_aranges
                0x00000000       0x20 atmel_start.o
 .debug_aranges
                0x00000020       0x20 main.o
 .debug_aranges
                0x00000040       0x20 src/bod.o
 .debug_aranges
                0x00000060       0x20 src/clkctrl.o
 .debug_aranges
                0x00000080       0x20 src/cpuint.o
 .debug_aranges
                0x000000a0       0x40 src/driver_init.o
 .debug_aranges
                0x000000e0      0x148 src/i2c_master.o
 .debug_aranges
                0x00000228       0x28 src/slpctrl.o
 .debug_aranges
                0x00000250       0xa0 src/timeout.o
 .debug_aranges
                0x000002f0       0xc8 src/usart_basic.o

.debug_pubnames
 *(.debug_pubnames)

.debug_info     0x00000000     0x553d
 *(.debug_info .gnu.linkonce.wi.*)
 .debug_info    0x00000000     0x2316 C:/Program Files (x86)/Atmel/Studio/7.0/Packs/Atmel/AVR-Dx_DFP/1.8.95/gcc/dev/avr32da32/avrxmega3/crtavr32da32.o
 .debug_info    0x00002316       0xa1 atmel_start.o
 .debug_info    0x000023b7       0xa6 main.o
 .debug_info    0x0000245d      0x188 src/bod.o
 .debug_info    0x000025e5       0x8d src/clkctrl.o
 .debug_info    0x00002672       0x8d src/cpuint.o
 .debug_info    0x000026ff     0x10dd src/driver_init.o
 .debug_info    0x000037dc      0xc75 src/i2c_master.o
 .debug_info    0x00004451      0x136 src/slpctrl.o
 .debug_info    0x00004587      0xb56 src/timeout.o
 .debug_info    0x000050dd      0x460 src/usart_basic.o

.debug_abbrev   0x00000000     0x2ea3
 *(.debug_abbrev)
 .debug_abbrev  0x00000000     0x213a C:/Program Files (x86)/Atmel/Studio/7.0/Packs/Atmel/AVR-Dx_DFP/1.8.95/gcc/dev/avr32da32/avrxmega3/crtavr32da32.o
 .debug_abbrev  0x0000213a       0x63 atmel_start.o
 .debug_abbrev  0x0000219d       0x68 main.o
 .debug_abbrev  0x00002205       0xaf src/bod.o
 .debug_abbrev  0x000022b4       0x51 src/clkctrl.o
 .debug_abbrev  0x00002305       0x51 src/cpuint.o
 .debug_abbrev  0x00002356      0x1e1 src/driver_init.o
 .debug_abbrev  0x00002537      0x30a src/i2c_master.o
 .debug_abbrev  0x00002841       0xc4 src/slpctrl.o
 .debug_abbrev  0x00002905      0x3e9 src/timeout.o
 .debug_abbrev  0x00002cee      0x1b5 src/usart_basic.o

.debug_line     0x00000000     0x1b87
 *(.debug_line .debug_line.* .debug_line_end)
 .debug_line    0x00000000      0x19f C:/Program Files (x86)/Atmel/Studio/7.0/Packs/Atmel/AVR-Dx_DFP/1.8.95/gcc/dev/avr32da32/avrxmega3/crtavr32da32.o
 .debug_line    0x0000019f       0x60 atmel_start.o
 .debug_line    0x000001ff       0x51 main.o
 .debug_line    0x00000250      0x10b src/bod.o
 .debug_line    0x0000035b       0xa6 src/clkctrl.o
 .debug_line    0x00000401       0xa5 src/cpuint.o
 .debug_line    0x000004a6      0x376 src/driver_init.o
 .debug_line    0x0000081c      0x81a src/i2c_master.o
 .debug_line    0x00001036      0x11f src/slpctrl.o
 .debug_line    0x00001155      0x6c6 src/timeout.o
 .debug_line    0x0000181b      0x36c src/usart_basic.o

.debug_frame    0x00000000      0x7ec
 *(.debug_frame)
 .debug_frame   0x00000000       0x24 atmel_start.o
 .debug_frame   0x00000024       0x24 main.o
 .debug_frame   0x00000048       0x24 src/bod.o
 .debug_frame   0x0000006c       0x24 src/clkctrl.o
 .debug_frame   0x00000090       0x24 src/cpuint.o
 .debug_frame   0x000000b4       0x64 src/driver_init.o
 .debug_frame   0x00000118      0x2d4 src/i2c_master.o
 .debug_frame   0x000003ec       0x34 src/slpctrl.o
 .debug_frame   0x00000420      0x258 src/timeout.o
 .debug_frame   0x00000678      0x174 src/usart_basic.o

.debug_str      0x00000000     0x264d
 *(.debug_str)
 .debug_str     0x00000000      0xf34 C:/Program Files (x86)/Atmel/Studio/7.0/Packs/Atmel/AVR-Dx_DFP/1.8.95/gcc/dev/avr32da32/avrxmega3/crtavr32da32.o
 .debug_str     0x00000f34      0x162 atmel_start.o
                                0x19b (size before relaxing)
 .debug_str     0x00001096       0x11 main.o
                                0x18d (size before relaxing)
 .debug_str     0x000010a7       0xa8 src/bod.o
                                0x239 (size before relaxing)
 .debug_str     0x0000114f       0x1e src/clkctrl.o
                                0x18b (size before relaxing)
 .debug_str     0x0000116d       0x1c src/cpuint.o
                                0x189 (size before relaxing)
 .debug_str     0x00001189      0x4dc src/driver_init.o
                                0x6d4 (size before relaxing)
 .debug_str     0x00001665      0x74d src/i2c_master.o
                                0x9f9 (size before relaxing)
 .debug_str     0x00001db2       0xb9 src/slpctrl.o
                                0x24d (size before relaxing)
 .debug_str     0x00001e6b      0x5a4 src/timeout.o
                                0x7be (size before relaxing)
 .debug_str     0x0000240f      0x23e src/usart_basic.o
                                0x42a (size before relaxing)

.debug_loc      0x00000000     0x1456
 *(.debug_loc)
 .debug_loc     0x00000000      0x4c9 src/driver_init.o
 .debug_loc     0x000004c9      0x538 src/i2c_master.o
 .debug_loc     0x00000a01       0x21 src/slpctrl.o
 .debug_loc     0x00000a22      0xa34 src/timeout.o

.debug_macinfo
 *(.debug_macinfo)

.debug_weaknames
 *(.debug_weaknames)

.debug_funcnames
 *(.debug_funcnames)

.debug_typenames
 *(.debug_typenames)

.debug_varnames
 *(.debug_varnames)

.debug_pubtypes
 *(.debug_pubtypes)

.debug_ranges   0x00000000      0x378
 *(.debug_ranges)
 .debug_ranges  0x00000000       0x10 atmel_start.o
 .debug_ranges  0x00000010       0x10 main.o
 .debug_ranges  0x00000020       0x10 src/bod.o
 .debug_ranges  0x00000030       0x10 src/clkctrl.o
 .debug_ranges  0x00000040       0x10 src/cpuint.o
 .debug_ranges  0x00000050       0x30 src/driver_init.o
 .debug_ranges  0x00000080      0x138 src/i2c_master.o
 .debug_ranges  0x000001b8       0x18 src/slpctrl.o
 .debug_ranges  0x000001d0       0xf0 src/timeout.o
 .debug_ranges  0x000002c0       0xb8 src/usart_basic.o

.debug_macro
 *(.debug_macro)
OUTPUT(SmartPot.elf elf32-avr)
LOAD linker stubs
